Archive member included to satisfy reference by file (symbol)

/usr/local/mcuxpressoide-25.6.136/ide/plugins/com.nxp.mcuxpresso.tools.linux_25.6.0.202501151204/tools/bin/../lib/gcc/arm-none-eabi/14.2.1/../../../../arm-none-eabi/lib/thumb/v7e-m+dp/hard/libcr_nohost_nf.a(_cr__main.o)
                              ./startup/startup_mimxrt1062.o (__main)
/usr/local/mcuxpressoide-25.6.136/ide/plugins/com.nxp.mcuxpresso.tools.linux_25.6.0.202501151204/tools/bin/../lib/gcc/arm-none-eabi/14.2.1/../../../../arm-none-eabi/lib/thumb/v7e-m+dp/hard/libcr_c.a(memset.o)
                              ./drivers/fsl_dcdc.o (memset)
/usr/local/mcuxpressoide-25.6.136/ide/plugins/com.nxp.mcuxpresso.tools.linux_25.6.0.202501151204/tools/bin/../lib/gcc/arm-none-eabi/14.2.1/../../../../arm-none-eabi/lib/thumb/v7e-m+dp/hard/libcr_c.a(alloc.o)
                              ./drivers/fsl_common.o (malloc)
/usr/local/mcuxpressoide-25.6.136/ide/plugins/com.nxp.mcuxpresso.tools.linux_25.6.0.202501151204/tools/bin/../lib/gcc/arm-none-eabi/14.2.1/../../../../arm-none-eabi/lib/thumb/v7e-m+dp/hard/libcr_c.a(errno.o)
                              ./utilities/str/fsl_str.o (errno)
/usr/local/mcuxpressoide-25.6.136/ide/plugins/com.nxp.mcuxpresso.tools.linux_25.6.0.202501151204/tools/bin/../lib/gcc/arm-none-eabi/14.2.1/../../../../arm-none-eabi/lib/thumb/v7e-m+dp/hard/libcr_c.a(initio.o)
                              /usr/local/mcuxpressoide-25.6.136/ide/plugins/com.nxp.mcuxpresso.tools.linux_25.6.0.202501151204/tools/bin/../lib/gcc/arm-none-eabi/14.2.1/../../../../arm-none-eabi/lib/thumb/v7e-m+dp/hard/libcr_nohost_nf.a(_cr__main.o) (_initio)
/usr/local/mcuxpressoide-25.6.136/ide/plugins/com.nxp.mcuxpresso.tools.linux_25.6.0.202501151204/tools/bin/../lib/gcc/arm-none-eabi/14.2.1/../../../../arm-none-eabi/lib/thumb/v7e-m+dp/hard/libcr_c.a(scanf.o)
                              ./utilities/str/fsl_str.o (strtoul)
/usr/local/mcuxpressoide-25.6.136/ide/plugins/com.nxp.mcuxpresso.tools.linux_25.6.0.202501151204/tools/bin/../lib/gcc/arm-none-eabi/14.2.1/../../../../arm-none-eabi/lib/thumb/v7e-m+dp/hard/libcr_c.a(setvbuf.o)
                              /usr/local/mcuxpressoide-25.6.136/ide/plugins/com.nxp.mcuxpresso.tools.linux_25.6.0.202501151204/tools/bin/../lib/gcc/arm-none-eabi/14.2.1/../../../../arm-none-eabi/lib/thumb/v7e-m+dp/hard/libcr_c.a(initio.o) (setvbuf)
/usr/local/mcuxpressoide-25.6.136/ide/plugins/com.nxp.mcuxpresso.tools.linux_25.6.0.202501151204/tools/bin/../lib/gcc/arm-none-eabi/14.2.1/../../../../arm-none-eabi/lib/thumb/v7e-m+dp/hard/libcr_c.a(strlen.o)
                              ./utilities/str/fsl_str.o (strlen)
/usr/local/mcuxpressoide-25.6.136/ide/plugins/com.nxp.mcuxpresso.tools.linux_25.6.0.202501151204/tools/bin/../lib/gcc/arm-none-eabi/14.2.1/../../../../arm-none-eabi/lib/thumb/v7e-m+dp/hard/libcr_c.a(ungetc.o)
                              /usr/local/mcuxpressoide-25.6.136/ide/plugins/com.nxp.mcuxpresso.tools.linux_25.6.0.202501151204/tools/bin/../lib/gcc/arm-none-eabi/14.2.1/../../../../arm-none-eabi/lib/thumb/v7e-m+dp/hard/libcr_c.a(scanf.o) (ungetc)
/usr/local/mcuxpressoide-25.6.136/ide/plugins/com.nxp.mcuxpresso.tools.linux_25.6.0.202501151204/tools/bin/../lib/gcc/arm-none-eabi/14.2.1/../../../../arm-none-eabi/lib/thumb/v7e-m+dp/hard/libcr_c.a(__fillbuf.o)
                              /usr/local/mcuxpressoide-25.6.136/ide/plugins/com.nxp.mcuxpresso.tools.linux_25.6.0.202501151204/tools/bin/../lib/gcc/arm-none-eabi/14.2.1/../../../../arm-none-eabi/lib/thumb/v7e-m+dp/hard/libcr_c.a(scanf.o) (__filbuf)
/usr/local/mcuxpressoide-25.6.136/ide/plugins/com.nxp.mcuxpresso.tools.linux_25.6.0.202501151204/tools/bin/../lib/gcc/arm-none-eabi/14.2.1/../../../../arm-none-eabi/lib/thumb/v7e-m+dp/hard/libcr_c.a(__init_alloc.o)
                              /usr/local/mcuxpressoide-25.6.136/ide/plugins/com.nxp.mcuxpresso.tools.linux_25.6.0.202501151204/tools/bin/../lib/gcc/arm-none-eabi/14.2.1/../../../../arm-none-eabi/lib/thumb/v7e-m+dp/hard/libcr_c.a(alloc.o) (__heaps)
/usr/local/mcuxpressoide-25.6.136/ide/plugins/com.nxp.mcuxpresso.tools.linux_25.6.0.202501151204/tools/bin/../lib/gcc/arm-none-eabi/14.2.1/../../../../arm-none-eabi/lib/thumb/v7e-m+dp/hard/libcr_c.a(_cr_sbrk.o)
                              /usr/local/mcuxpressoide-25.6.136/ide/plugins/com.nxp.mcuxpresso.tools.linux_25.6.0.202501151204/tools/bin/../lib/gcc/arm-none-eabi/14.2.1/../../../../arm-none-eabi/lib/thumb/v7e-m+dp/hard/libcr_c.a(alloc.o) (_sbrk)
/usr/local/mcuxpressoide-25.6.136/ide/plugins/com.nxp.mcuxpresso.tools.linux_25.6.0.202501151204/tools/bin/../lib/gcc/arm-none-eabi/14.2.1/../../../../arm-none-eabi/lib/thumb/v7e-m+dp/hard/libcr_c.a(_deferredlazyseek.o)
                              /usr/local/mcuxpressoide-25.6.136/ide/plugins/com.nxp.mcuxpresso.tools.linux_25.6.0.202501151204/tools/bin/../lib/gcc/arm-none-eabi/14.2.1/../../../../arm-none-eabi/lib/thumb/v7e-m+dp/hard/libcr_c.a(__fillbuf.o) (_deferredlazyseek)
[...]
Memory Configuration

Name             Origin             Length             Attributes
BOARD_FLASH      0x60000000         0x00800000         xr
SRAM_DTC         0x20000000         0x00020000         xrw
SRAM_ITC         0x00000000         0x00020000         xrw
SRAM_OC          0x20200000         0x000c0000         xrw
BOARD_SDRAM      0x80000000         0x01e00000         xrw
NCACHE_REGION    0x81e00000         0x00200000         xrw
*default*        0x00000000         0xffffffff

Linker script and memory map

LOAD ./xip/dcd.o
LOAD ./xip/evkbmimxrt1060_flexspi_nor_config.o
LOAD ./xip/fsl_flexspi_nor_boot.o
LOAD ./utilities/str/fsl_str.o
LOAD ./utilities/debug_console_lite/fsl_debug_console.o
LOAD ./utilities/fsl_assert.o
LOAD ./utilities/fsl_memcpy.o
LOAD ./startup/startup_mimxrt1062.o
LOAD ./source/led_blinky.o
LOAD ./source/semihost_hardfault.o
LOAD ./drivers/fsl_cache.o
LOAD ./drivers/fsl_clock.o
LOAD ./drivers/fsl_common.o
LOAD ./drivers/fsl_common_arm.o
LOAD ./drivers/fsl_dcdc.o
LOAD ./drivers/fsl_gpc.o
LOAD ./drivers/fsl_gpio.o
LOAD ./drivers/fsl_lpuart.o
LOAD ./drivers/fsl_pmu.o
LOAD ./drivers/fsl_src.o
LOAD ./device/system_MIMXRT1062.o
LOAD ./component/uart/fsl_adapter_lpuart.o
LOAD ./board/board.o
LOAD ./board/clock_config.o
LOAD ./board/hardware_init.o
LOAD ./board/peripherals.o
LOAD ./board/pin_mux.o
START GROUP
LOAD /usr/local/mcuxpressoide-25.6.136/ide/plugins/com.nxp.mcuxpresso.tools.linux_25.6.0.202501151204/tools/bin/../lib/gcc/arm-none-eabi/14.2.1/../../../../arm-none-eabi/lib/thumb/v7e-m+dp/hard/libcr_nohost_nf.a
LOAD /usr/local/mcuxpressoide-25.6.136/ide/plugins/com.nxp.mcuxpresso.tools.linux_25.6.0.202501151204/tools/bin/../lib/gcc/arm-none-eabi/14.2.1/../../../../arm-none-eabi/lib/thumb/v7e-m+dp/hard/libcr_c.a
LOAD /usr/local/mcuxpressoide-25.6.136/ide/plugins/com.nxp.mcuxpresso.tools.linux_25.6.0.202501151204/tools/bin/../lib/gcc/arm-none-eabi/14.2.1/thumb/v7e-m+dp/hard/libcr_eabihelpers.a
LOAD /usr/local/mcuxpressoide-25.6.136/ide/plugins/com.nxp.mcuxpresso.tools.linux_25.6.0.202501151204/tools/bin/../lib/gcc/arm-none-eabi/14.2.1/thumb/v7e-m+dp/hard/libgcc.a
END GROUP
                0x60000000                        __base_BOARD_FLASH = 0x60000000
                0x60000000                        __base_Flash = 0x60000000
                0x60800000                        __top_BOARD_FLASH = 0x60800000
                0x60800000                        __top_Flash = 0x60800000
                0x20000000                        __base_SRAM_DTC = 0x20000000
                0x20000000                        __base_RAM = 0x20000000
                0x20020000                        __top_SRAM_DTC = 0x20020000
                0x20020000                        __top_RAM = 0x20020000
                0x00000000                        __base_SRAM_ITC = 0x0
                0x00000000                        __base_RAM2 = 0x0
                0x00020000                        __top_SRAM_ITC = 0x20000
                0x00020000                        __top_RAM2 = 0x20000
                0x20200000                        __base_SRAM_OC = 0x20200000
                0x20200000                        __base_RAM3 = 0x20200000
                0x202c0000                        __top_SRAM_OC = 0x202c0000
                0x202c0000                        __top_RAM3 = 0x202c0000
                0x80000000                        __base_BOARD_SDRAM = 0x80000000
                0x80000000                        __base_RAM4 = 0x80000000
                0x81e00000                        __top_BOARD_SDRAM = 0x81e00000
                0x81e00000                        __top_RAM4 = 0x81e00000
                0x81e00000                        __base_NCACHE_REGION = 0x81e00000
                0x81e00000                        __base_RAM5 = 0x81e00000
                0x82000000                        __top_NCACHE_REGION = 0x82000000
                0x82000000                        __top_RAM5 = 0x82000000

.text           0x20000000     0x34b4
 FILL mask 0xff
                0x20000000                        __vectors_start__ = ABSOLUTE (.)
 *(SORT_BY_ALIGNMENT(.isr_vector))
 .isr_vector    0x20000000      0x2b8 ./startup/startup_mimxrt1062.o
                0x20000000                __Vectors
                0x20000000                g_pfnVectors
                0x200002b8                        . = ALIGN (0x4)
                0x200002b8                        __section_table_start = .
                0x200002b8                        __data_section_table = .
                0x200002b8        0x4 LONG 0x200034b4 LOADADDR (.data)
                0x200002bc        0x4 LONG 0x200034b4 ADDR (.data)
                0x200002c0        0x4 LONG 0x4 SIZEOF (.data)
                0x200002c4        0x4 LONG 0x200034b4 LOADADDR (.data_RAM2)
                0x200002c8        0x4 LONG 0x0 ADDR (.data_RAM2)
                0x200002cc        0x4 LONG 0x0 SIZEOF (.data_RAM2)
                0x200002d0        0x4 LONG 0x200034b4 LOADADDR (.data_RAM3)
                0x200002d4        0x4 LONG 0x20200000 ADDR (.data_RAM3)
                0x200002d8        0x4 LONG 0x0 SIZEOF (.data_RAM3)
                0x200002dc        0x4 LONG 0x200034b4 LOADADDR (.data_RAM4)
                0x200002e0        0x4 LONG 0x80000000 ADDR (.data_RAM4)
                0x200002e4        0x4 LONG 0x0 SIZEOF (.data_RAM4)
                0x200002e8        0x4 LONG 0x200034b4 LOADADDR (.data_RAM5)
                0x200002ec        0x4 LONG 0x81e00000 ADDR (.data_RAM5)
                0x200002f0        0x4 LONG 0x0 SIZEOF (.data_RAM5)
                0x200002f4                        __data_section_table_end = .
                0x200002f4                        __bss_section_table = .
                0x200002f4        0x4 LONG 0x200034b8 ADDR (.bss)
                0x200002f8        0x4 LONG 0x124 SIZEOF (.bss)
                0x200002fc        0x4 LONG 0x0 ADDR (.bss_RAM2)
                0x20000300        0x4 LONG 0x0 SIZEOF (.bss_RAM2)
                0x20000304        0x4 LONG 0x20200000 ADDR (.bss_RAM3)
                0x20000308        0x4 LONG 0x0 SIZEOF (.bss_RAM3)
                0x2000030c        0x4 LONG 0x80000000 ADDR (.bss_RAM4)
                0x20000310        0x4 LONG 0x0 SIZEOF (.bss_RAM4)
                0x20000314        0x4 LONG 0x81e00000 ADDR (.bss_RAM5)
                0x20000318        0x4 LONG 0x0 SIZEOF (.bss_RAM5)
                0x2000031c                        __bss_section_table_end = .
                0x2000031c                        __section_table_end = .
 *(SORT_BY_ALIGNMENT(.after_vectors*))
 .after_vectors.reset
                0x2000031c       0x54 ./startup/startup_mimxrt1062.o
                0x2000031c                ResetISR
 .after_vectors.init_data
                0x20000370       0x1e ./startup/startup_mimxrt1062.o
                0x20000370                data_init
 .after_vectors.init_bss
                0x2000038e       0x12 ./startup/startup_mimxrt1062.o
                0x2000038e                bss_init
 .after_vectors
                0x200003a0       0x14 ./startup/startup_mimxrt1062.o
                0x200003a0                NMI_Handler
                0x200003a4                MemManage_Handler
                0x200003a6                BusFault_Handler
                0x200003a8                UsageFault_Handler
                0x200003aa                SVC_Handler
                0x200003ac                DebugMon_Handler
                0x200003ae                PendSV_Handler
                0x200003b2                ACMP4_DriverIRQHandler
                0x200003b2                KPP_DriverIRQHandler
                0x200003b2                FLEXSPI2_DriverIRQHandler
                0x200003b2                LPSPI2_DriverIRQHandler
                0x200003b2                LCDIF_DriverIRQHandler
                0x200003b2                SAI3_RX_DriverIRQHandler
                0x200003b2                CCM_2_DriverIRQHandler
                0x200003b2                PIT_DriverIRQHandler
                0x200003b2                PMU_EVENT_DriverIRQHandler
                0x200003b2                PWM4_FAULT_DriverIRQHandler
                0x200003b2                DMA13_DMA29_DriverIRQHandler
                0x200003b2                FLEXRAM_DriverIRQHandler
                0x200003b2                LPSPI4_DriverIRQHandler
                0x200003b2                SEMC_DriverIRQHandler
                0x200003b2                SPDIF_DriverIRQHandler
                0x200003b2                PWM4_3_DriverIRQHandler
                0x200003b2                ENET2_DriverIRQHandler
                0x200003b2                USB_PHY1_DriverIRQHandler
                0x200003b2                GPIO3_Combined_0_15_DriverIRQHandler
                0x200003b2                CAN3_DriverIRQHandler
                0x200003b2                Reserved171_DriverIRQHandler
                0x200003b2                DMA7_DMA23_DriverIRQHandler
                0x200003b2                BEE_DriverIRQHandler
                0x200003b2                LPI2C3_DriverIRQHandler
                0x200003b2                GPR_IRQ_DriverIRQHandler
                0x200003b2                PWM2_FAULT_DriverIRQHandler
                0x200003b2                PWM3_1_DriverIRQHandler
                0x200003b2                DMA14_DMA30_DriverIRQHandler
                0x200003b2                TMR1_DriverIRQHandler
                0x200003b2                TRNG_DriverIRQHandler
                0x200003b2                PWM3_2_DriverIRQHandler
                0x200003b2                ENET_1588_Timer_DriverIRQHandler
                0x200003b2                FLEXIO2_DriverIRQHandler
                0x200003b2                GPIO2_Combined_16_31_DriverIRQHandler
                0x200003b2                Reserved143_DriverIRQHandler
                0x200003b2                PWM4_1_DriverIRQHandler
                0x200003b2                PWM3_3_DriverIRQHandler
                0x200003b2                DMA0_DMA16_DriverIRQHandler
                0x200003b2                IntDefaultHandler
                0x200003b2                DMA2_DMA18_DriverIRQHandler
                0x200003b2                SRC_DriverIRQHandler
                0x200003b2                GPIO1_INT4_DriverIRQHandler
                0x200003b2                Reserved144_DriverIRQHandler
                0x200003b2                USDHC1_DriverIRQHandler
                0x200003b2                ENC3_DriverIRQHandler
                0x200003b2                PWM3_FAULT_DriverIRQHandler
                0x200003b2                EWM_DriverIRQHandler
                0x200003b2                TSC_DIG_DriverIRQHandler
                0x200003b2                WDOG1_DriverIRQHandler
                0x200003b2                FLEXIO1_DriverIRQHandler
                0x200003b2                ENET_DriverIRQHandler
                0x200003b2                Reserved78_DriverIRQHandler
                0x200003b2                TMR4_DriverIRQHandler
                0x200003b2                ENC2_DriverIRQHandler
                0x200003b2                ADC_ETC_IRQ2_DriverIRQHandler
                0x200003b2                GPIO1_Combined_16_31_DriverIRQHandler
                0x200003b2                GPIO1_INT7_DriverIRQHandler
                0x200003b2                SAI1_DriverIRQHandler
                0x200003b2                DCDC_DriverIRQHandler
                0x200003b2                DMA12_DMA28_DriverIRQHandler
                0x200003b2                PWM4_0_DriverIRQHandler
                0x200003b2                ADC_ETC_ERROR_IRQ_DriverIRQHandler
                0x200003b2                ACMP2_DriverIRQHandler
                0x200003b2                GPIO5_Combined_0_15_DriverIRQHandler
                0x200003b2                GPIO1_INT0_DriverIRQHandler
                0x200003b2                GPIO1_INT2_DriverIRQHandler
                0x200003b2                RTWDOG_DriverIRQHandler
                0x200003b2                FLEXSPI_DriverIRQHandler
                0x200003b2                GPT2_DriverIRQHandler
                0x200003b2                USB_PHY2_DriverIRQHandler
                0x200003b2                DMA10_DMA26_DriverIRQHandler
                0x200003b2                PWM2_1_DriverIRQHandler
                0x200003b2                PWM1_1_DriverIRQHandler
                0x200003b2                PXP_DriverIRQHandler
                0x200003b2                ADC1_DriverIRQHandler
                0x200003b2                GPIO10_Combined_0_31_DriverIRQHandler
                0x200003b2                PWM1_0_DriverIRQHandler
                0x200003b2                SJC_DriverIRQHandler
                0x200003b2                DMA1_DMA17_DriverIRQHandler
                0x200003b2                ENC1_DriverIRQHandler
                0x200003b2                ENC4_DriverIRQHandler
                0x200003b2                CAN2_DriverIRQHandler
                0x200003b2                DCP_DriverIRQHandler
                0x200003b2                CTI0_ERROR_DriverIRQHandler
                0x200003b2                DMA8_DMA24_DriverIRQHandler
                0x200003b2                GPT1_DriverIRQHandler
                0x200003b2                ACMP3_DriverIRQHandler
                0x200003b2                DMA6_DMA22_DriverIRQHandler
                0x200003b2                CSU_DriverIRQHandler
                0x200003b2                GPIO1_INT5_DriverIRQHandler
                0x200003b2                TMR3_DriverIRQHandler
                0x200003b2                TMR2_DriverIRQHandler
                0x200003b2                CTI1_ERROR_DriverIRQHandler
                0x200003b2                GPIO1_Combined_0_15_DriverIRQHandler
                0x200003b2                USDHC2_DriverIRQHandler
                0x200003b2                PWM4_2_DriverIRQHandler
                0x200003b2                SAI2_DriverIRQHandler
                0x200003b2                CORE_DriverIRQHandler
                0x200003b2                DMA11_DMA27_DriverIRQHandler
                0x200003b2                CSI_DriverIRQHandler
                0x200003b2                PWM2_3_DriverIRQHandler
                0x200003b2                XBAR1_IRQ_2_3_DriverIRQHandler
                0x200003b2                SNVS_HP_WRAPPER_TZ_DriverIRQHandler
                0x200003b2                GPIO3_Combined_16_31_DriverIRQHandler
                0x200003b2                PWM1_FAULT_DriverIRQHandler
                0x200003b2                LPI2C1_DriverIRQHandler
                0x200003b2                ENET2_1588_Timer_DriverIRQHandler
                0x200003b2                PWM2_2_DriverIRQHandler
                0x200003b2                DMA4_DMA20_DriverIRQHandler
                0x200003b2                DMA9_DMA25_DriverIRQHandler
                0x200003b2                SNVS_HP_WRAPPER_DriverIRQHandler
                0x200003b2                XBAR1_IRQ_0_1_DriverIRQHandler
                0x200003b2                ADC_ETC_IRQ1_DriverIRQHandler
                0x200003b2                LPSPI1_DriverIRQHandler
                0x200003b2                DMA3_DMA19_DriverIRQHandler
                0x200003b2                GPIO1_INT3_DriverIRQHandler
                0x200003b2                DCP_VMI_DriverIRQHandler
                0x200003b2                LPI2C4_DriverIRQHandler
                0x200003b2                GPC_DriverIRQHandler
                0x200003b2                GPIO2_Combined_0_15_DriverIRQHandler
                0x200003b2                PWM1_2_DriverIRQHandler
                0x200003b2                USB_OTG1_DriverIRQHandler
                0x200003b2                TEMP_LOW_HIGH_DriverIRQHandler
                0x200003b2                SAI3_TX_DriverIRQHandler
                0x200003b2                FLEXIO3_DriverIRQHandler
                0x200003b2                WDOG2_DriverIRQHandler
                0x200003b2                Reserved68_DriverIRQHandler
                0x200003b2                PWM3_0_DriverIRQHandler
                0x200003b2                GPIO4_Combined_0_15_DriverIRQHandler
                0x200003b2                GPIO4_Combined_16_31_DriverIRQHandler
                0x200003b2                GPIO6_7_8_9_DriverIRQHandler
                0x200003b2                GPIO5_Combined_16_31_DriverIRQHandler
                0x200003b2                DMA5_DMA21_DriverIRQHandler
                0x200003b2                CCM_1_DriverIRQHandler
                0x200003b2                ADC2_DriverIRQHandler
                0x200003b2                Reserved115_DriverIRQHandler
                0x200003b2                TEMP_PANIC_DriverIRQHandler
                0x200003b2                DMA15_DMA31_DriverIRQHandler
                0x200003b2                LPSPI3_DriverIRQHandler
                0x200003b2                PWM1_3_DriverIRQHandler
                0x200003b2                ACMP1_DriverIRQHandler
                0x200003b2                LPI2C2_DriverIRQHandler
                0x200003b2                Reserved86_DriverIRQHandler
                0x200003b2                DMA_ERROR_DriverIRQHandler
                0x200003b2                ADC_ETC_IRQ0_DriverIRQHandler
                0x200003b2                CAN1_DriverIRQHandler
                0x200003b2                GPIO1_INT6_DriverIRQHandler
                0x200003b2                GPIO1_INT1_DriverIRQHandler
                0x200003b2                PWM2_0_DriverIRQHandler
                0x200003b2                SNVS_LP_WRAPPER_DriverIRQHandler
                0x200003b2                USB_OTG2_DriverIRQHandler
 *(SORT_BY_ALIGNMENT(.text*))
 .text.DbgConsole_Vprintf
                0x200003b4       0x3c ./utilities/debug_console_lite/fsl_debug_console.o
                0x200003b4                DbgConsole_Vprintf
 .text.DbgConsole_Putchar
                0x200003f0       0x30 ./utilities/debug_console_lite/fsl_debug_console.o
                0x200003f0                DbgConsole_Putchar
 .text.DbgConsole_PrintfFormattedData
                0x20000420      0x3e0 ./utilities/debug_console_lite/fsl_debug_console.o
 .text.__assertion_failed
                0x20000800       0x2c ./utilities/fsl_assert.o
                0x20000800                __assertion_failed
 .text          0x2000082c       0xa0 ./utilities/fsl_memcpy.o
                0x2000082c                memcpy
 .text.__NVIC_SetPriority
                0x200008cc       0x54 ./source/led_blinky.o
 .text.SysTick_Config
                0x20000920       0x44 ./source/led_blinky.o
 .text.SysTick_Handler
                0x20000964       0x24 ./source/led_blinky.o
                0x20000964                SysTick_Handler
 .text.SysTick_DelayTicks
                0x20000988       0x2c ./source/led_blinky.o
                0x20000988                SysTick_DelayTicks
 .text.main     0x200009b4       0x80 ./source/led_blinky.o
                0x200009b4                main
 .text.CLOCK_InitExternalClk
                0x20000a34       0x6c ./drivers/fsl_clock.o
                0x20000a34                CLOCK_InitExternalClk
 .text.CLOCK_SwitchOsc
                0x20000aa0       0x34 ./drivers/fsl_clock.o
                0x20000aa0                CLOCK_SwitchOsc
 .text.CLOCK_InitRcOsc24M
                0x20000ad4       0x24 ./drivers/fsl_clock.o
                0x20000ad4                CLOCK_InitRcOsc24M
 .text.CLOCK_InitArmPll
                0x20000af8       0x68 ./drivers/fsl_clock.o
                0x20000af8                CLOCK_InitArmPll
 .text.CLOCK_InitSysPll
                0x20000b60       0x9c ./drivers/fsl_clock.o
                0x20000b60                CLOCK_InitSysPll
 .text.CLOCK_DeinitUsb2Pll
                0x20000bfc       0x18 ./drivers/fsl_clock.o
                0x20000bfc                CLOCK_DeinitUsb2Pll
 .text.CLOCK_DeinitAudioPll
                0x20000c14       0x1c ./drivers/fsl_clock.o
                0x20000c14                CLOCK_DeinitAudioPll
 .text.CLOCK_DeinitEnetPll
                0x20000c30       0x1c ./drivers/fsl_clock.o
                0x20000c30                CLOCK_DeinitEnetPll
 .text.CLOCK_InitSysPfd
                0x20000c4c       0x64 ./drivers/fsl_clock.o
                0x20000c4c                CLOCK_InitSysPfd
 .text.CLOCK_ControlGate
                0x20000cb0       0x60 ./drivers/fsl_gpio.o
 .text.GPIO_GetInstance
                0x20000d10       0x4c ./drivers/fsl_gpio.o
 .text.GPIO_PinInit
                0x20000d5c       0xa4 ./drivers/fsl_gpio.o
                0x20000d5c                GPIO_PinInit
 .text.GPIO_PinWrite
                0x20000e00       0x48 ./drivers/fsl_gpio.o
                0x20000e00                GPIO_PinWrite
 .text.GPIO_PinSetInterruptConfig
                0x20000e48       0xfc ./drivers/fsl_gpio.o
                0x20000e48                GPIO_PinSetInterruptConfig
 .text.LPUART1_DriverIRQHandler
                0x20000f44       0x28 ./drivers/fsl_lpuart.o
                0x20000f44                LPUART1_DriverIRQHandler
 .text.LPUART2_DriverIRQHandler
                0x20000f6c       0x28 ./drivers/fsl_lpuart.o
                0x20000f6c                LPUART2_DriverIRQHandler
 .text.LPUART3_DriverIRQHandler
                0x20000f94       0x28 ./drivers/fsl_lpuart.o
                0x20000f94                LPUART3_DriverIRQHandler
 .text.LPUART4_DriverIRQHandler
                0x20000fbc       0x28 ./drivers/fsl_lpuart.o
                0x20000fbc                LPUART4_DriverIRQHandler
 .text.LPUART5_DriverIRQHandler
                0x20000fe4       0x28 ./drivers/fsl_lpuart.o
                0x20000fe4                LPUART5_DriverIRQHandler
 .text.LPUART6_DriverIRQHandler
                0x2000100c       0x28 ./drivers/fsl_lpuart.o
                0x2000100c                LPUART6_DriverIRQHandler
 .text.LPUART7_DriverIRQHandler
                0x20001034       0x28 ./drivers/fsl_lpuart.o
                0x20001034                LPUART7_DriverIRQHandler
 .text.LPUART8_DriverIRQHandler
                0x2000105c       0x28 ./drivers/fsl_lpuart.o
                0x2000105c                LPUART8_DriverIRQHandler
 .text.SystemInit
                0x20001084      0x144 ./device/system_MIMXRT1062.o
                0x20001084                SystemInit
 .text.SystemCoreClockUpdate
                0x200011c8      0x20c ./device/system_MIMXRT1062.o
                0x200011c8                SystemCoreClockUpdate
 .text.ARM_MPU_Enable
                0x200013d4       0x44 ./board/board.o
 .text.ARM_MPU_Disable
                0x20001418       0x40 ./board/board.o
 .text.BOARD_ConfigMPU
                0x20001458      0x330 ./board/board.o
                0x20001458                BOARD_ConfigMPU
 .text.CLOCK_SetMux
                0x20001788       0x9c ./board/clock_config.o
 .text.CLOCK_SetDiv
                0x20001824       0x9c ./board/clock_config.o
 .text.CLOCK_ControlGate
                0x200018c0       0x60 ./board/clock_config.o
 .text.CLOCK_SetXtalFreq
                0x20001920       0x20 ./board/clock_config.o
 .text.CLOCK_SetRtcXtalFreq
                0x20001940       0x20 ./board/clock_config.o
 .text.IOMUXC_MQSConfig
                0x20001960       0x44 ./board/clock_config.o
 .text.BOARD_BootClockRUN
                0x200019a4      0x6d0 ./board/clock_config.o
                0x200019a4                BOARD_BootClockRUN
 .text.CLOCK_ControlGate
                0x20002074       0x60 ./board/pin_mux.o
 .text.BOARD_InitPins
                0x200020d4       0xec ./board/pin_mux.o
                0x200020d4                BOARD_InitPins
 .text._initio  0x200021c0       0x78 /usr/local/mcuxpressoide-25.6.136/ide/plugins/com.nxp.mcuxpresso.tools.linux_25.6.0.202501151204/tools/bin/../lib/gcc/arm-none-eabi/14.2.1/../../../../arm-none-eabi/lib/thumb/v7e-m+dp/hard/libcr_c.a(initio.o)
                0x200021c0                _initio
 .text._Cwritebuf
                0x20002238       0x70 /usr/local/mcuxpressoide-25.6.136/ide/plugins/com.nxp.mcuxpresso.tools.linux_25.6.0.202501151204/tools/bin/../lib/gcc/arm-none-eabi/14.2.1/../../../../arm-none-eabi/lib/thumb/v7e-m+dp/hard/libcr_c.a(_writebuf.o)
                0x20002238                _Cwritebuf
 .text.fflush   0x200022a8       0x3c /usr/local/mcuxpressoide-25.6.136/ide/plugins/com.nxp.mcuxpresso.tools.linux_25.6.0.202501151204/tools/bin/../lib/gcc/arm-none-eabi/14.2.1/../../../../arm-none-eabi/lib/thumb/v7e-m+dp/hard/libcr_c.a(fflush.o)
                0x200022a8                fflush
 .text.fseek    0x200022e4       0xf8 /usr/local/mcuxpressoide-25.6.136/ide/plugins/com.nxp.mcuxpresso.tools.linux_25.6.0.202501151204/tools/bin/../lib/gcc/arm-none-eabi/14.2.1/../../../../arm-none-eabi/lib/thumb/v7e-m+dp/hard/libcr_c.a(fseek.o)
                0x200022e4                fseek
 .text.ftell    0x200023dc       0x44 /usr/local/mcuxpressoide-25.6.136/ide/plugins/com.nxp.mcuxpresso.tools.linux_25.6.0.202501151204/tools/bin/../lib/gcc/arm-none-eabi/14.2.1/../../../../arm-none-eabi/lib/thumb/v7e-m+dp/hard/libcr_c.a(ftell.o)
                0x200023dc                ftell
 .text.DbgConsole_Printf
                0x20002420       0x2c ./utilities/debug_console_lite/fsl_debug_console.o
                0x20002420                DbgConsole_Printf
 .text.DbgConsole_PrintfPaddingCharacter
                0x2000244c       0x40 ./utilities/debug_console_lite/fsl_debug_console.o
 .text.DbgConsole_ConvertRadixNumToString
                0x2000248c       0xc2 ./utilities/debug_console_lite/fsl_debug_console.o
 .text.fsl_assert_hook
                0x2000254e       0x1a ./utilities/fsl_assert.o
                0x2000254e                fsl_assert_hook
 .text.DMA0_DMA16_IRQHandler
                0x20002568        0x8 ./startup/startup_mimxrt1062.o
                0x20002568                DMA0_DMA16_IRQHandler
 .text.DMA1_DMA17_IRQHandler
                0x20002570        0x8 ./startup/startup_mimxrt1062.o
                0x20002570                DMA1_DMA17_IRQHandler
 .text.DMA2_DMA18_IRQHandler
                0x20002578        0x8 ./startup/startup_mimxrt1062.o
                0x20002578                DMA2_DMA18_IRQHandler
 .text.DMA3_DMA19_IRQHandler
                0x20002580        0x8 ./startup/startup_mimxrt1062.o
                0x20002580                DMA3_DMA19_IRQHandler
 .text.DMA4_DMA20_IRQHandler
                0x20002588        0x8 ./startup/startup_mimxrt1062.o
                0x20002588                DMA4_DMA20_IRQHandler
 .text.DMA5_DMA21_IRQHandler
                0x20002590        0x8 ./startup/startup_mimxrt1062.o
                0x20002590                DMA5_DMA21_IRQHandler
 .text.DMA6_DMA22_IRQHandler
                0x20002598        0x8 ./startup/startup_mimxrt1062.o
                0x20002598                DMA6_DMA22_IRQHandler
 .text.DMA7_DMA23_IRQHandler
                0x200025a0        0x8 ./startup/startup_mimxrt1062.o
                0x200025a0                DMA7_DMA23_IRQHandler
 .text.DMA8_DMA24_IRQHandler
                0x200025a8        0x8 ./startup/startup_mimxrt1062.o
                0x200025a8                DMA8_DMA24_IRQHandler
 .text.DMA9_DMA25_IRQHandler
                0x200025b0        0x8 ./startup/startup_mimxrt1062.o
                0x200025b0                DMA9_DMA25_IRQHandler
 .text.DMA10_DMA26_IRQHandler
                0x200025b8        0x8 ./startup/startup_mimxrt1062.o
                0x200025b8                DMA10_DMA26_IRQHandler
 .text.DMA11_DMA27_IRQHandler
                0x200025c0        0x8 ./startup/startup_mimxrt1062.o
                0x200025c0                DMA11_DMA27_IRQHandler
 .text.DMA12_DMA28_IRQHandler
                0x200025c8        0x8 ./startup/startup_mimxrt1062.o
                0x200025c8                DMA12_DMA28_IRQHandler
 .text.DMA13_DMA29_IRQHandler
                0x200025d0        0x8 ./startup/startup_mimxrt1062.o
                0x200025d0                DMA13_DMA29_IRQHandler
 .text.DMA14_DMA30_IRQHandler
                0x200025d8        0x8 ./startup/startup_mimxrt1062.o
                0x200025d8                DMA14_DMA30_IRQHandler
 .text.DMA15_DMA31_IRQHandler
                0x200025e0        0x8 ./startup/startup_mimxrt1062.o
                0x200025e0                DMA15_DMA31_IRQHandler
 .text.DMA_ERROR_IRQHandler
                0x200025e8        0x8 ./startup/startup_mimxrt1062.o
                0x200025e8                DMA_ERROR_IRQHandler
 .text.CTI0_ERROR_IRQHandler
                0x200025f0        0x8 ./startup/startup_mimxrt1062.o
                0x200025f0                CTI0_ERROR_IRQHandler
 .text.CTI1_ERROR_IRQHandler
                0x200025f8        0x8 ./startup/startup_mimxrt1062.o
                0x200025f8                CTI1_ERROR_IRQHandler
 .text.CORE_IRQHandler
                0x20002600        0x8 ./startup/startup_mimxrt1062.o
                0x20002600                CORE_IRQHandler
 .text.LPUART1_IRQHandler
                0x20002608        0x8 ./startup/startup_mimxrt1062.o
                0x20002608                LPUART1_IRQHandler
 .text.LPUART2_IRQHandler
                0x20002610        0x8 ./startup/startup_mimxrt1062.o
                0x20002610                LPUART2_IRQHandler
 .text.LPUART3_IRQHandler
                0x20002618        0x8 ./startup/startup_mimxrt1062.o
                0x20002618                LPUART3_IRQHandler
 .text.LPUART4_IRQHandler
                0x20002620        0x8 ./startup/startup_mimxrt1062.o
                0x20002620                LPUART4_IRQHandler
 .text.LPUART5_IRQHandler
                0x20002628        0x8 ./startup/startup_mimxrt1062.o
                0x20002628                LPUART5_IRQHandler
 .text.LPUART6_IRQHandler
                0x20002630        0x8 ./startup/startup_mimxrt1062.o
                0x20002630                LPUART6_IRQHandler
 .text.LPUART7_IRQHandler
                0x20002638        0x8 ./startup/startup_mimxrt1062.o
                0x20002638                LPUART7_IRQHandler
 .text.LPUART8_IRQHandler
                0x20002640        0x8 ./startup/startup_mimxrt1062.o
                0x20002640                LPUART8_IRQHandler
 .text.LPI2C1_IRQHandler
                0x20002648        0x8 ./startup/startup_mimxrt1062.o
                0x20002648                LPI2C1_IRQHandler
 .text.LPI2C2_IRQHandler
                0x20002650        0x8 ./startup/startup_mimxrt1062.o
                0x20002650                LPI2C2_IRQHandler
 .text.LPI2C3_IRQHandler
                0x20002658        0x8 ./startup/startup_mimxrt1062.o
                0x20002658                LPI2C3_IRQHandler
 .text.LPI2C4_IRQHandler
                0x20002660        0x8 ./startup/startup_mimxrt1062.o
                0x20002660                LPI2C4_IRQHandler
 .text.LPSPI1_IRQHandler
                0x20002668        0x8 ./startup/startup_mimxrt1062.o
                0x20002668                LPSPI1_IRQHandler
 .text.LPSPI2_IRQHandler
                0x20002670        0x8 ./startup/startup_mimxrt1062.o
                0x20002670                LPSPI2_IRQHandler
 .text.LPSPI3_IRQHandler
                0x20002678        0x8 ./startup/startup_mimxrt1062.o
                0x20002678                LPSPI3_IRQHandler
 .text.LPSPI4_IRQHandler
                0x20002680        0x8 ./startup/startup_mimxrt1062.o
                0x20002680                LPSPI4_IRQHandler
 .text.CAN1_IRQHandler
                0x20002688        0x8 ./startup/startup_mimxrt1062.o
                0x20002688                CAN1_IRQHandler
 .text.CAN2_IRQHandler
                0x20002690        0x8 ./startup/startup_mimxrt1062.o
                0x20002690                CAN2_IRQHandler
 .text.FLEXRAM_IRQHandler
                0x20002698        0x8 ./startup/startup_mimxrt1062.o
                0x20002698                FLEXRAM_IRQHandler
 .text.KPP_IRQHandler
                0x200026a0        0x8 ./startup/startup_mimxrt1062.o
                0x200026a0                KPP_IRQHandler
 .text.TSC_DIG_IRQHandler
                0x200026a8        0x8 ./startup/startup_mimxrt1062.o
                0x200026a8                TSC_DIG_IRQHandler
 .text.GPR_IRQ_IRQHandler
                0x200026b0        0x8 ./startup/startup_mimxrt1062.o
                0x200026b0                GPR_IRQ_IRQHandler
 .text.LCDIF_IRQHandler
                0x200026b8        0x8 ./startup/startup_mimxrt1062.o
                0x200026b8                LCDIF_IRQHandler
 .text.CSI_IRQHandler
                0x200026c0        0x8 ./startup/startup_mimxrt1062.o
                0x200026c0                CSI_IRQHandler
 .text.PXP_IRQHandler
                0x200026c8        0x8 ./startup/startup_mimxrt1062.o
                0x200026c8                PXP_IRQHandler
 .text.WDOG2_IRQHandler
                0x200026d0        0x8 ./startup/startup_mimxrt1062.o
                0x200026d0                WDOG2_IRQHandler
 .text.SNVS_HP_WRAPPER_IRQHandler
                0x200026d8        0x8 ./startup/startup_mimxrt1062.o
                0x200026d8                SNVS_HP_WRAPPER_IRQHandler
 .text.SNVS_HP_WRAPPER_TZ_IRQHandler
                0x200026e0        0x8 ./startup/startup_mimxrt1062.o
                0x200026e0                SNVS_HP_WRAPPER_TZ_IRQHandler
 .text.SNVS_LP_WRAPPER_IRQHandler
                0x200026e8        0x8 ./startup/startup_mimxrt1062.o
                0x200026e8                SNVS_LP_WRAPPER_IRQHandler
 .text.CSU_IRQHandler
                0x200026f0        0x8 ./startup/startup_mimxrt1062.o
                0x200026f0                CSU_IRQHandler
 .text.DCP_IRQHandler
                0x200026f8        0x8 ./startup/startup_mimxrt1062.o
                0x200026f8                DCP_IRQHandler
 .text.DCP_VMI_IRQHandler
                0x20002700        0x8 ./startup/startup_mimxrt1062.o
                0x20002700                DCP_VMI_IRQHandler
 .text.Reserved68_IRQHandler
                0x20002708        0x8 ./startup/startup_mimxrt1062.o
                0x20002708                Reserved68_IRQHandler
 .text.TRNG_IRQHandler
                0x20002710        0x8 ./startup/startup_mimxrt1062.o
                0x20002710                TRNG_IRQHandler
 .text.SJC_IRQHandler
                0x20002718        0x8 ./startup/startup_mimxrt1062.o
                0x20002718                SJC_IRQHandler
 .text.BEE_IRQHandler
                0x20002720        0x8 ./startup/startup_mimxrt1062.o
                0x20002720                BEE_IRQHandler
 .text.SAI1_IRQHandler
                0x20002728        0x8 ./startup/startup_mimxrt1062.o
                0x20002728                SAI1_IRQHandler
 .text.SAI2_IRQHandler
                0x20002730        0x8 ./startup/startup_mimxrt1062.o
                0x20002730                SAI2_IRQHandler
 .text.SAI3_RX_IRQHandler
                0x20002738        0x8 ./startup/startup_mimxrt1062.o
                0x20002738                SAI3_RX_IRQHandler
 .text.SAI3_TX_IRQHandler
                0x20002740        0x8 ./startup/startup_mimxrt1062.o
                0x20002740                SAI3_TX_IRQHandler
 .text.SPDIF_IRQHandler
                0x20002748        0x8 ./startup/startup_mimxrt1062.o
                0x20002748                SPDIF_IRQHandler
 .text.PMU_EVENT_IRQHandler
                0x20002750        0x8 ./startup/startup_mimxrt1062.o
                0x20002750                PMU_EVENT_IRQHandler
 .text.Reserved78_IRQHandler
                0x20002758        0x8 ./startup/startup_mimxrt1062.o
                0x20002758                Reserved78_IRQHandler
 .text.TEMP_LOW_HIGH_IRQHandler
                0x20002760        0x8 ./startup/startup_mimxrt1062.o
                0x20002760                TEMP_LOW_HIGH_IRQHandler
 .text.TEMP_PANIC_IRQHandler
                0x20002768        0x8 ./startup/startup_mimxrt1062.o
                0x20002768                TEMP_PANIC_IRQHandler
 .text.USB_PHY1_IRQHandler
                0x20002770        0x8 ./startup/startup_mimxrt1062.o
                0x20002770                USB_PHY1_IRQHandler
 .text.USB_PHY2_IRQHandler
                0x20002778        0x8 ./startup/startup_mimxrt1062.o
                0x20002778                USB_PHY2_IRQHandler
 .text.ADC1_IRQHandler
                0x20002780        0x8 ./startup/startup_mimxrt1062.o
                0x20002780                ADC1_IRQHandler
 .text.ADC2_IRQHandler
                0x20002788        0x8 ./startup/startup_mimxrt1062.o
                0x20002788                ADC2_IRQHandler
 .text.DCDC_IRQHandler
                0x20002790        0x8 ./startup/startup_mimxrt1062.o
                0x20002790                DCDC_IRQHandler
 .text.Reserved86_IRQHandler
                0x20002798        0x8 ./startup/startup_mimxrt1062.o
                0x20002798                Reserved86_IRQHandler
 .text.GPIO10_Combined_0_31_IRQHandler
                0x200027a0        0x8 ./startup/startup_mimxrt1062.o
                0x200027a0                GPIO10_Combined_0_31_IRQHandler
 .text.GPIO1_INT0_IRQHandler
                0x200027a8        0x8 ./startup/startup_mimxrt1062.o
                0x200027a8                GPIO1_INT0_IRQHandler
 .text.GPIO1_INT1_IRQHandler
                0x200027b0        0x8 ./startup/startup_mimxrt1062.o
                0x200027b0                GPIO1_INT1_IRQHandler
 .text.GPIO1_INT2_IRQHandler
                0x200027b8        0x8 ./startup/startup_mimxrt1062.o
                0x200027b8                GPIO1_INT2_IRQHandler
 .text.GPIO1_INT3_IRQHandler
                0x200027c0        0x8 ./startup/startup_mimxrt1062.o
                0x200027c0                GPIO1_INT3_IRQHandler
 .text.GPIO1_INT4_IRQHandler
                0x200027c8        0x8 ./startup/startup_mimxrt1062.o
                0x200027c8                GPIO1_INT4_IRQHandler
 .text.GPIO1_INT5_IRQHandler
                0x200027d0        0x8 ./startup/startup_mimxrt1062.o
                0x200027d0                GPIO1_INT5_IRQHandler
 .text.GPIO1_INT6_IRQHandler
                0x200027d8        0x8 ./startup/startup_mimxrt1062.o
                0x200027d8                GPIO1_INT6_IRQHandler
 .text.GPIO1_INT7_IRQHandler
                0x200027e0        0x8 ./startup/startup_mimxrt1062.o
                0x200027e0                GPIO1_INT7_IRQHandler
 .text.GPIO1_Combined_0_15_IRQHandler
                0x200027e8        0x8 ./startup/startup_mimxrt1062.o
                0x200027e8                GPIO1_Combined_0_15_IRQHandler
 .text.GPIO1_Combined_16_31_IRQHandler
                0x200027f0        0x8 ./startup/startup_mimxrt1062.o
                0x200027f0                GPIO1_Combined_16_31_IRQHandler
 .text.GPIO2_Combined_0_15_IRQHandler
                0x200027f8        0x8 ./startup/startup_mimxrt1062.o
                0x200027f8                GPIO2_Combined_0_15_IRQHandler
 .text.GPIO2_Combined_16_31_IRQHandler
                0x20002800        0x8 ./startup/startup_mimxrt1062.o
                0x20002800                GPIO2_Combined_16_31_IRQHandler
 .text.GPIO3_Combined_0_15_IRQHandler
                0x20002808        0x8 ./startup/startup_mimxrt1062.o
                0x20002808                GPIO3_Combined_0_15_IRQHandler
 .text.GPIO3_Combined_16_31_IRQHandler
                0x20002810        0x8 ./startup/startup_mimxrt1062.o
                0x20002810                GPIO3_Combined_16_31_IRQHandler
 .text.GPIO4_Combined_0_15_IRQHandler
                0x20002818        0x8 ./startup/startup_mimxrt1062.o
                0x20002818                GPIO4_Combined_0_15_IRQHandler
 .text.GPIO4_Combined_16_31_IRQHandler
                0x20002820        0x8 ./startup/startup_mimxrt1062.o
                0x20002820                GPIO4_Combined_16_31_IRQHandler
 .text.GPIO5_Combined_0_15_IRQHandler
                0x20002828        0x8 ./startup/startup_mimxrt1062.o
                0x20002828                GPIO5_Combined_0_15_IRQHandler
 .text.GPIO5_Combined_16_31_IRQHandler
                0x20002830        0x8 ./startup/startup_mimxrt1062.o
                0x20002830                GPIO5_Combined_16_31_IRQHandler
 .text.FLEXIO1_IRQHandler
                0x20002838        0x8 ./startup/startup_mimxrt1062.o
                0x20002838                FLEXIO1_IRQHandler
 .text.FLEXIO2_IRQHandler
                0x20002840        0x8 ./startup/startup_mimxrt1062.o
                0x20002840                FLEXIO2_IRQHandler
 .text.WDOG1_IRQHandler
                0x20002848        0x8 ./startup/startup_mimxrt1062.o
                0x20002848                WDOG1_IRQHandler
 .text.RTWDOG_IRQHandler
                0x20002850        0x8 ./startup/startup_mimxrt1062.o
                0x20002850                RTWDOG_IRQHandler
 .text.EWM_IRQHandler
                0x20002858        0x8 ./startup/startup_mimxrt1062.o
                0x20002858                EWM_IRQHandler
 .text.CCM_1_IRQHandler
                0x20002860        0x8 ./startup/startup_mimxrt1062.o
                0x20002860                CCM_1_IRQHandler
 .text.CCM_2_IRQHandler
                0x20002868        0x8 ./startup/startup_mimxrt1062.o
                0x20002868                CCM_2_IRQHandler
 .text.GPC_IRQHandler
                0x20002870        0x8 ./startup/startup_mimxrt1062.o
                0x20002870                GPC_IRQHandler
 .text.SRC_IRQHandler
                0x20002878        0x8 ./startup/startup_mimxrt1062.o
                0x20002878                SRC_IRQHandler
 .text.Reserved115_IRQHandler
                0x20002880        0x8 ./startup/startup_mimxrt1062.o
                0x20002880                Reserved115_IRQHandler
 .text.GPT1_IRQHandler
                0x20002888        0x8 ./startup/startup_mimxrt1062.o
                0x20002888                GPT1_IRQHandler
 .text.GPT2_IRQHandler
                0x20002890        0x8 ./startup/startup_mimxrt1062.o
                0x20002890                GPT2_IRQHandler
 .text.PWM1_0_IRQHandler
                0x20002898        0x8 ./startup/startup_mimxrt1062.o
                0x20002898                PWM1_0_IRQHandler
 .text.PWM1_1_IRQHandler
                0x200028a0        0x8 ./startup/startup_mimxrt1062.o
                0x200028a0                PWM1_1_IRQHandler
 .text.PWM1_2_IRQHandler
                0x200028a8        0x8 ./startup/startup_mimxrt1062.o
                0x200028a8                PWM1_2_IRQHandler
 .text.PWM1_3_IRQHandler
                0x200028b0        0x8 ./startup/startup_mimxrt1062.o
                0x200028b0                PWM1_3_IRQHandler
 .text.PWM1_FAULT_IRQHandler
                0x200028b8        0x8 ./startup/startup_mimxrt1062.o
                0x200028b8                PWM1_FAULT_IRQHandler
 .text.FLEXSPI2_IRQHandler
                0x200028c0        0x8 ./startup/startup_mimxrt1062.o
                0x200028c0                FLEXSPI2_IRQHandler
 .text.FLEXSPI_IRQHandler
                0x200028c8        0x8 ./startup/startup_mimxrt1062.o
                0x200028c8                FLEXSPI_IRQHandler
 .text.SEMC_IRQHandler
                0x200028d0        0x8 ./startup/startup_mimxrt1062.o
                0x200028d0                SEMC_IRQHandler
 .text.USDHC1_IRQHandler
                0x200028d8        0x8 ./startup/startup_mimxrt1062.o
                0x200028d8                USDHC1_IRQHandler
 .text.USDHC2_IRQHandler
                0x200028e0        0x8 ./startup/startup_mimxrt1062.o
                0x200028e0                USDHC2_IRQHandler
 .text.USB_OTG2_IRQHandler
                0x200028e8        0x8 ./startup/startup_mimxrt1062.o
                0x200028e8                USB_OTG2_IRQHandler
 .text.USB_OTG1_IRQHandler
                0x200028f0        0x8 ./startup/startup_mimxrt1062.o
                0x200028f0                USB_OTG1_IRQHandler
 .text.ENET_IRQHandler
                0x200028f8        0x8 ./startup/startup_mimxrt1062.o
                0x200028f8                ENET_IRQHandler
 .text.ENET_1588_Timer_IRQHandler
                0x20002900        0x8 ./startup/startup_mimxrt1062.o
                0x20002900                ENET_1588_Timer_IRQHandler
 .text.XBAR1_IRQ_0_1_IRQHandler
                0x20002908        0x8 ./startup/startup_mimxrt1062.o
                0x20002908                XBAR1_IRQ_0_1_IRQHandler
 .text.XBAR1_IRQ_2_3_IRQHandler
                0x20002910        0x8 ./startup/startup_mimxrt1062.o
                0x20002910                XBAR1_IRQ_2_3_IRQHandler
 .text.ADC_ETC_IRQ0_IRQHandler
                0x20002918        0x8 ./startup/startup_mimxrt1062.o
                0x20002918                ADC_ETC_IRQ0_IRQHandler
 .text.ADC_ETC_IRQ1_IRQHandler
                0x20002920        0x8 ./startup/startup_mimxrt1062.o
                0x20002920                ADC_ETC_IRQ1_IRQHandler
 .text.ADC_ETC_IRQ2_IRQHandler
                0x20002928        0x8 ./startup/startup_mimxrt1062.o
                0x20002928                ADC_ETC_IRQ2_IRQHandler
 .text.ADC_ETC_ERROR_IRQ_IRQHandler
                0x20002930        0x8 ./startup/startup_mimxrt1062.o
                0x20002930                ADC_ETC_ERROR_IRQ_IRQHandler
 .text.PIT_IRQHandler
                0x20002938        0x8 ./startup/startup_mimxrt1062.o
                0x20002938                PIT_IRQHandler
 .text.ACMP1_IRQHandler
                0x20002940        0x8 ./startup/startup_mimxrt1062.o
                0x20002940                ACMP1_IRQHandler
 .text.ACMP2_IRQHandler
                0x20002948        0x8 ./startup/startup_mimxrt1062.o
                0x20002948                ACMP2_IRQHandler
 .text.ACMP3_IRQHandler
                0x20002950        0x8 ./startup/startup_mimxrt1062.o
                0x20002950                ACMP3_IRQHandler
 .text.ACMP4_IRQHandler
                0x20002958        0x8 ./startup/startup_mimxrt1062.o
                0x20002958                ACMP4_IRQHandler
 .text.Reserved143_IRQHandler
                0x20002960        0x8 ./startup/startup_mimxrt1062.o
                0x20002960                Reserved143_IRQHandler
 .text.Reserved144_IRQHandler
                0x20002968        0x8 ./startup/startup_mimxrt1062.o
                0x20002968                Reserved144_IRQHandler
 .text.ENC1_IRQHandler
                0x20002970        0x8 ./startup/startup_mimxrt1062.o
                0x20002970                ENC1_IRQHandler
 .text.ENC2_IRQHandler
                0x20002978        0x8 ./startup/startup_mimxrt1062.o
                0x20002978                ENC2_IRQHandler
 .text.ENC3_IRQHandler
                0x20002980        0x8 ./startup/startup_mimxrt1062.o
                0x20002980                ENC3_IRQHandler
 .text.ENC4_IRQHandler
                0x20002988        0x8 ./startup/startup_mimxrt1062.o
                0x20002988                ENC4_IRQHandler
 .text.TMR1_IRQHandler
                0x20002990        0x8 ./startup/startup_mimxrt1062.o
                0x20002990                TMR1_IRQHandler
 .text.TMR2_IRQHandler
                0x20002998        0x8 ./startup/startup_mimxrt1062.o
                0x20002998                TMR2_IRQHandler
 .text.TMR3_IRQHandler
                0x200029a0        0x8 ./startup/startup_mimxrt1062.o
                0x200029a0                TMR3_IRQHandler
 .text.TMR4_IRQHandler
                0x200029a8        0x8 ./startup/startup_mimxrt1062.o
                0x200029a8                TMR4_IRQHandler
 .text.PWM2_0_IRQHandler
                0x200029b0        0x8 ./startup/startup_mimxrt1062.o
                0x200029b0                PWM2_0_IRQHandler
 .text.PWM2_1_IRQHandler
                0x200029b8        0x8 ./startup/startup_mimxrt1062.o
                0x200029b8                PWM2_1_IRQHandler
 .text.PWM2_2_IRQHandler
                0x200029c0        0x8 ./startup/startup_mimxrt1062.o
                0x200029c0                PWM2_2_IRQHandler
 .text.PWM2_3_IRQHandler
                0x200029c8        0x8 ./startup/startup_mimxrt1062.o
                0x200029c8                PWM2_3_IRQHandler
 .text.PWM2_FAULT_IRQHandler
                0x200029d0        0x8 ./startup/startup_mimxrt1062.o
                0x200029d0                PWM2_FAULT_IRQHandler
 .text.PWM3_0_IRQHandler
                0x200029d8        0x8 ./startup/startup_mimxrt1062.o
                0x200029d8                PWM3_0_IRQHandler
 .text.PWM3_1_IRQHandler
                0x200029e0        0x8 ./startup/startup_mimxrt1062.o
                0x200029e0                PWM3_1_IRQHandler
 .text.PWM3_2_IRQHandler
                0x200029e8        0x8 ./startup/startup_mimxrt1062.o
                0x200029e8                PWM3_2_IRQHandler
 .text.PWM3_3_IRQHandler
                0x200029f0        0x8 ./startup/startup_mimxrt1062.o
                0x200029f0                PWM3_3_IRQHandler
 .text.PWM3_FAULT_IRQHandler
                0x200029f8        0x8 ./startup/startup_mimxrt1062.o
                0x200029f8                PWM3_FAULT_IRQHandler
 .text.PWM4_0_IRQHandler
                0x20002a00        0x8 ./startup/startup_mimxrt1062.o
                0x20002a00                PWM4_0_IRQHandler
 .text.PWM4_1_IRQHandler
                0x20002a08        0x8 ./startup/startup_mimxrt1062.o
                0x20002a08                PWM4_1_IRQHandler
 .text.PWM4_2_IRQHandler
                0x20002a10        0x8 ./startup/startup_mimxrt1062.o
                0x20002a10                PWM4_2_IRQHandler
 .text.PWM4_3_IRQHandler
                0x20002a18        0x8 ./startup/startup_mimxrt1062.o
                0x20002a18                PWM4_3_IRQHandler
 .text.PWM4_FAULT_IRQHandler
                0x20002a20        0x8 ./startup/startup_mimxrt1062.o
                0x20002a20                PWM4_FAULT_IRQHandler
 .text.ENET2_IRQHandler
                0x20002a28        0x8 ./startup/startup_mimxrt1062.o
                0x20002a28                ENET2_IRQHandler
 .text.ENET2_1588_Timer_IRQHandler
                0x20002a30        0x8 ./startup/startup_mimxrt1062.o
                0x20002a30                ENET2_1588_Timer_IRQHandler
 .text.CAN3_IRQHandler
                0x20002a38        0x8 ./startup/startup_mimxrt1062.o
                0x20002a38                CAN3_IRQHandler
 .text.Reserved171_IRQHandler
                0x20002a40        0x8 ./startup/startup_mimxrt1062.o
                0x20002a40                Reserved171_IRQHandler
 .text.FLEXIO3_IRQHandler
                0x20002a48        0x8 ./startup/startup_mimxrt1062.o
                0x20002a48                FLEXIO3_IRQHandler
 .text.GPIO6_7_8_9_IRQHandler
                0x20002a50        0x8 ./startup/startup_mimxrt1062.o
                0x20002a50                GPIO6_7_8_9_IRQHandler
 .text.HardFault_Handler
                0x20002a58       0x36 ./source/semihost_hardfault.o
                0x20002a58                HardFault_Handler
 .text._SDK_AtomicLocalClearAndSet4Byte
                0x20002a8e       0x50 ./drivers/fsl_gpio.o
 .text.CLOCK_EnableClock
                0x20002ade       0x1e ./drivers/fsl_gpio.o
 .text.GPIO_SetPinInterruptConfig
                0x20002afc       0x22 ./drivers/fsl_gpio.o
 .text.SystemInitHook
                0x20002b1e        0xe ./device/system_MIMXRT1062.o
                0x20002b1e                SystemInitHook
 .text._SDK_AtomicLocalClearAndSet4Byte
                0x20002b2c       0x50 ./board/clock_config.o
 .text.CLOCK_DisableClock
                0x20002b7c       0x1e ./board/clock_config.o
 .text.CLOCK_SetPllBypass
                0x20002b9a       0x4e ./board/clock_config.o
 .text.IOMUXC_SetSaiMClkClockSource
                0x20002be8       0x6c ./board/clock_config.o
 .text.BOARD_InitBootClocks
                0x20002c54        0xc ./board/clock_config.o
                0x20002c54                BOARD_InitBootClocks
 .text.BOARD_InitHardware
                0x20002c60       0x18 ./board/hardware_init.o
                0x20002c60                BOARD_InitHardware
 .text._SDK_AtomicLocalClearAndSet4Byte
                0x20002c78       0x50 ./board/pin_mux.o
 .text.CLOCK_EnableClock
                0x20002cc8       0x1e ./board/pin_mux.o
 .text.IOMUXC_SetPinMux
                0x20002ce6       0x3a ./board/pin_mux.o
 .text.IOMUXC_SetPinConfig
                0x20002d20       0x26 ./board/pin_mux.o
 .text.BOARD_InitBootPins
                0x20002d46        0xc ./board/pin_mux.o
                0x20002d46                BOARD_InitBootPins
 .text.__main   0x20002d52        0xe /usr/local/mcuxpressoide-25.6.136/ide/plugins/com.nxp.mcuxpresso.tools.linux_25.6.0.202501151204/tools/bin/../lib/gcc/arm-none-eabi/14.2.1/../../../../arm-none-eabi/lib/thumb/v7e-m+dp/hard/libcr_nohost_nf.a(_cr__main.o)
                0x20002d52                __main
 .text.memset   0x20002d60        0x4 /usr/local/mcuxpressoide-25.6.136/ide/plugins/com.nxp.mcuxpresso.tools.linux_25.6.0.202501151204/tools/bin/../lib/gcc/arm-none-eabi/14.2.1/../../../../arm-none-eabi/lib/thumb/v7e-m+dp/hard/libcr_c.a(memset.o)
                0x20002d60                memset
 .text.free     0x20002d64       0x30 /usr/local/mcuxpressoide-25.6.136/ide/plugins/com.nxp.mcuxpresso.tools.linux_25.6.0.202501151204/tools/bin/../lib/gcc/arm-none-eabi/14.2.1/../../../../arm-none-eabi/lib/thumb/v7e-m+dp/hard/libcr_c.a(alloc.o)
                0x20002d64                free
 .text.setvbuf  0x20002d94       0x3e /usr/local/mcuxpressoide-25.6.136/ide/plugins/com.nxp.mcuxpresso.tools.linux_25.6.0.202501151204/tools/bin/../lib/gcc/arm-none-eabi/14.2.1/../../../../arm-none-eabi/lib/thumb/v7e-m+dp/hard/libcr_c.a(setvbuf.o)
                0x20002d94                setvbuf
 .text.strlen   0x20002dd2       0x4e /usr/local/mcuxpressoide-25.6.136/ide/plugins/com.nxp.mcuxpresso.tools.linux_25.6.0.202501151204/tools/bin/../lib/gcc/arm-none-eabi/14.2.1/../../../../arm-none-eabi/lib/thumb/v7e-m+dp/hard/libcr_c.a(strlen.o)
                0x20002dd2                strlen
 .text._deferredlazyseek
                0x20002e20       0x40 /usr/local/mcuxpressoide-25.6.136/ide/plugins/com.nxp.mcuxpresso.tools.linux_25.6.0.202501151204/tools/bin/../lib/gcc/arm-none-eabi/14.2.1/../../../../arm-none-eabi/lib/thumb/v7e-m+dp/hard/libcr_c.a(_deferredlazyseek.o)
                0x20002e20                _deferredlazyseek
 .text._fdopen  0x20002e60       0x68 /usr/local/mcuxpressoide-25.6.136/ide/plugins/com.nxp.mcuxpresso.tools.linux_25.6.0.202501151204/tools/bin/../lib/gcc/arm-none-eabi/14.2.1/../../../../arm-none-eabi/lib/thumb/v7e-m+dp/hard/libcr_c.a(_fdopen.o)
                0x20002e60                _fdopen
 .text._fflush  0x20002ec8       0x52 /usr/local/mcuxpressoide-25.6.136/ide/plugins/com.nxp.mcuxpresso.tools.linux_25.6.0.202501151204/tools/bin/../lib/gcc/arm-none-eabi/14.2.1/../../../../arm-none-eabi/lib/thumb/v7e-m+dp/hard/libcr_c.a(_fflush.o)
                0x20002ec8                _fflush
 .text.fclose   0x20002f1a       0x58 /usr/local/mcuxpressoide-25.6.136/ide/plugins/com.nxp.mcuxpresso.tools.linux_25.6.0.202501151204/tools/bin/../lib/gcc/arm-none-eabi/14.2.1/../../../../arm-none-eabi/lib/thumb/v7e-m+dp/hard/libcr_c.a(fclose.o)
                0x20002f1a                fclose
 .text.remove   0x20002f72       0x14 /usr/local/mcuxpressoide-25.6.136/ide/plugins/com.nxp.mcuxpresso.tools.linux_25.6.0.202501151204/tools/bin/../lib/gcc/arm-none-eabi/14.2.1/../../../../arm-none-eabi/lib/thumb/v7e-m+dp/hard/libcr_c.a(remove.o)
                0x20002f72                remove
 .text._do_fflush
                0x20002f86       0x40 /usr/local/mcuxpressoide-25.6.136/ide/plugins/com.nxp.mcuxpresso.tools.linux_25.6.0.202501151204/tools/bin/../lib/gcc/arm-none-eabi/14.2.1/../../../../arm-none-eabi/lib/thumb/v7e-m+dp/hard/libcr_c.a(_do_fflush.o)
                0x20002f86                _do_fflush
 .text.__aeabi_division_uldivmod
                0x20002fc6      0x174 /usr/local/mcuxpressoide-25.6.136/ide/plugins/com.nxp.mcuxpresso.tools.linux_25.6.0.202501151204/tools/bin/../lib/gcc/arm-none-eabi/14.2.1/thumb/v7e-m+dp/hard/libcr_eabihelpers.a(division_64.o)
                0x20002fc6                __aeabi_uldivmod
                0x20002fca                __bhs_ldivmod1
 .text.__aeabi_division_idiv0
                0x2000313a        0x2 /usr/local/mcuxpressoide-25.6.136/ide/plugins/com.nxp.mcuxpresso.tools.linux_25.6.0.202501151204/tools/bin/../lib/gcc/arm-none-eabi/14.2.1/thumb/v7e-m+dp/hard/libcr_eabihelpers.a(division_idiv0.o)
                0x2000313a                __aeabi_idiv0
 .text.__aeabi_memset_lowlevel
                0x2000313c       0x32 /usr/local/mcuxpressoide-25.6.136/ide/plugins/com.nxp.mcuxpresso.tools.linux_25.6.0.202501151204/tools/bin/../lib/gcc/arm-none-eabi/14.2.1/thumb/v7e-m+dp/hard/libcr_eabihelpers.a(memcpy.o)
                0x2000313c                __aeabi_lowlevel_memset
 .text.__sys_close
                0x2000316e        0x6 /usr/local/mcuxpressoide-25.6.136/ide/plugins/com.nxp.mcuxpresso.tools.linux_25.6.0.202501151204/tools/bin/../lib/gcc/arm-none-eabi/14.2.1/../../../../arm-none-eabi/lib/thumb/v7e-m+dp/hard/libcr_nohost_nf.a(__sys_close.o)
                0x2000316e                __sys_close
 .text.__sys_flen
                0x20003174        0x6 /usr/local/mcuxpressoide-25.6.136/ide/plugins/com.nxp.mcuxpresso.tools.linux_25.6.0.202501151204/tools/bin/../lib/gcc/arm-none-eabi/14.2.1/../../../../arm-none-eabi/lib/thumb/v7e-m+dp/hard/libcr_nohost_nf.a(__sys_flen.o)
                0x20003174                __sys_flen
 .text.__sys_istty
                0x2000317a        0x6 /usr/local/mcuxpressoide-25.6.136/ide/plugins/com.nxp.mcuxpresso.tools.linux_25.6.0.202501151204/tools/bin/../lib/gcc/arm-none-eabi/14.2.1/../../../../arm-none-eabi/lib/thumb/v7e-m+dp/hard/libcr_nohost_nf.a(__sys_istty.o)
                0x2000317a                __sys_istty
 .text.__sys_remove
                0x20003180        0x6 /usr/local/mcuxpressoide-25.6.136/ide/plugins/com.nxp.mcuxpresso.tools.linux_25.6.0.202501151204/tools/bin/../lib/gcc/arm-none-eabi/14.2.1/../../../../arm-none-eabi/lib/thumb/v7e-m+dp/hard/libcr_nohost_nf.a(__sys_remove.o)
                0x20003180                __sys_remove
 .text.__sys_seek
                0x20003186        0x6 /usr/local/mcuxpressoide-25.6.136/ide/plugins/com.nxp.mcuxpresso.tools.linux_25.6.0.202501151204/tools/bin/../lib/gcc/arm-none-eabi/14.2.1/../../../../arm-none-eabi/lib/thumb/v7e-m+dp/hard/libcr_nohost_nf.a(__sys_seek.o)
                0x20003186                __sys_seek
 .text.__sys_tmpnam
                0x2000318c        0x6 /usr/local/mcuxpressoide-25.6.136/ide/plugins/com.nxp.mcuxpresso.tools.linux_25.6.0.202501151204/tools/bin/../lib/gcc/arm-none-eabi/14.2.1/../../../../arm-none-eabi/lib/thumb/v7e-m+dp/hard/libcr_nohost_nf.a(__sys_tmpnam.o)
                0x2000318c                __sys_tmpnam
 .text.__sys_write
                0x20003192        0x4 /usr/local/mcuxpressoide-25.6.136/ide/plugins/com.nxp.mcuxpresso.tools.linux_25.6.0.202501151204/tools/bin/../lib/gcc/arm-none-eabi/14.2.1/../../../../arm-none-eabi/lib/thumb/v7e-m+dp/hard/libcr_nohost_nf.a(__sys_write.o)
                0x20003192                __sys_write
 *(SORT_BY_ALIGNMENT(.rodata) SORT_BY_ALIGNMENT(.rodata.*) SORT_BY_ALIGNMENT(.constdata) SORT_BY_ALIGNMENT(.constdata.*))
 *fill*         0x20003196        0x2 ff
 .rodata.__assertion_failed.str1.4
                0x20003198      0x2be ./utilities/fsl_assert.o
                                 0x14 (size before relaxing)
 .rodata.CLOCK_InitExternalClk.str1.4
                0x20003456       0x21 ./drivers/fsl_clock.o
 .rodata.CLOCK_ControlGate.str1.4
                0x20003456       0x20 ./drivers/fsl_gpio.o
 *fill*         0x20003456        0x2 ff
 .rodata.s_gpioBases
                0x20003458       0x2c ./drivers/fsl_gpio.o
 .rodata.s_gpioClock
                0x20003484        0xc ./drivers/fsl_gpio.o
 .rodata.GPIO_GetInstance.str1.4
                0x20003490       0x33 ./drivers/fsl_gpio.o
 .rodata.GPIO_PinWrite.str1.4
                0x20003490       0x1b ./drivers/fsl_gpio.o
 .rodata.BOARD_ConfigMPU.str1.4
                0x20003490       0x69 ./board/board.o
 .rodata.CLOCK_SetMux.str1.4
                0x20003490       0x93 ./board/clock_config.o
 .rodata.CLOCK_SetDiv.str1.4
                0x20003490       0x93 ./board/clock_config.o
 .rodata.CLOCK_ControlGate.str1.4
                0x20003490       0x82 ./board/clock_config.o
 .rodata.armPllConfig_BOARD_BootClockRUN
                0x20003490        0x8 ./board/clock_config.o
                0x20003490                armPllConfig_BOARD_BootClockRUN
 .rodata.sysPllConfig_BOARD_BootClockRUN
                0x20003498       0x14 ./board/clock_config.o
                0x20003498                sysPllConfig_BOARD_BootClockRUN
 .rodata.CLOCK_ControlGate.str1.4
                0x200034ac       0x82 ./board/pin_mux.o
 .rodata.__num_Ciob_streams
                0x200034ac        0x4 /usr/local/mcuxpressoide-25.6.136/ide/plugins/com.nxp.mcuxpresso.tools.linux_25.6.0.202501151204/tools/bin/../lib/gcc/arm-none-eabi/14.2.1/../../../../arm-none-eabi/lib/thumb/v7e-m+dp/hard/libcr_nohost_nf.a(__ciob.o)
                0x200034ac                __num_Ciob_streams
 .rodata._initio.str1.1
                0x200034b0        0x4 /usr/local/mcuxpressoide-25.6.136/ide/plugins/com.nxp.mcuxpresso.tools.linux_25.6.0.202501151204/tools/bin/../lib/gcc/arm-none-eabi/14.2.1/../../../../arm-none-eabi/lib/thumb/v7e-m+dp/hard/libcr_c.a(initio.o)
                0x20003530                        . = ALIGN (0x4)

.glue_7         0x200034b4        0x0
 .glue_7        0x200034b4        0x0 linker stubs

.glue_7t        0x200034b4        0x0
 .glue_7t       0x200034b4        0x0 linker stubs

.vfp11_veneer   0x200034b4        0x0
 .vfp11_veneer  0x200034b4        0x0 linker stubs

.v4_bx          0x200034b4        0x0
 .v4_bx         0x200034b4        0x0 linker stubs

.iplt           0x200034b4        0x0
 .iplt          0x200034b4        0x0 ./utilities/debug_console_lite/fsl_debug_console.o

.rel.dyn        0x200034b4        0x0
 .rel.iplt      0x200034b4        0x0 ./utilities/debug_console_lite/fsl_debug_console.o

.ARM.extab
 *(SORT_BY_ALIGNMENT(.ARM.extab*) SORT_BY_ALIGNMENT(.gnu.linkonce.armextab.*))

.ARM.exidx      0x200034b4        0x0
                0x200034b4                        __exidx_start = .
 *(SORT_BY_ALIGNMENT(.ARM.exidx*) SORT_BY_ALIGNMENT(.gnu.linkonce.armexidx.*))
                0x200034b4                        __exidx_end = .
                0x200034b4                        _etext = .

.data_RAM2      0x00000000        0x0 load address 0x200034b4
 FILL mask 0xff
                [!provide]                        PROVIDE (__start_data_RAM2 = .)
                [!provide]                        PROVIDE (__start_data_SRAM_ITC = .)
 *(SORT_BY_ALIGNMENT(.ramfunc.$RAM2))
 *(SORT_BY_ALIGNMENT(.ramfunc.$SRAM_ITC))
 *(SORT_BY_ALIGNMENT(CodeQuickAccess))
 *(SORT_BY_ALIGNMENT(.data.$RAM2))
 *(SORT_BY_ALIGNMENT(.data.$SRAM_ITC))
 *(SORT_BY_ALIGNMENT(.data.$RAM2.*))
 *(SORT_BY_ALIGNMENT(.data.$SRAM_ITC.*))
                0x00000000                        . = ALIGN (0x4)
                [!provide]                        PROVIDE (__end_data_RAM2 = .)
                [!provide]                        PROVIDE (__end_data_SRAM_ITC = .)

.data_RAM3      0x20200000        0x0 load address 0x200034b4
 FILL mask 0xff
                [!provide]                        PROVIDE (__start_data_RAM3 = .)
                [!provide]                        PROVIDE (__start_data_SRAM_OC = .)
 *(SORT_BY_ALIGNMENT(.ramfunc.$RAM3))
 *(SORT_BY_ALIGNMENT(.ramfunc.$SRAM_OC))
 *(SORT_BY_ALIGNMENT(.data.$RAM3))
 *(SORT_BY_ALIGNMENT(.data.$SRAM_OC))
 *(SORT_BY_ALIGNMENT(.data.$RAM3.*))
 *(SORT_BY_ALIGNMENT(.data.$SRAM_OC.*))
                0x20200000                        . = ALIGN (0x4)
                [!provide]                        PROVIDE (__end_data_RAM3 = .)
                [!provide]                        PROVIDE (__end_data_SRAM_OC = .)

.data_RAM4      0x80000000        0x0 load address 0x200034b4
 FILL mask 0xff
                [!provide]                        PROVIDE (__start_data_RAM4 = .)
                [!provide]                        PROVIDE (__start_data_BOARD_SDRAM = .)
 *(SORT_BY_ALIGNMENT(.ramfunc.$RAM4))
 *(SORT_BY_ALIGNMENT(.ramfunc.$BOARD_SDRAM))
 *(SORT_BY_ALIGNMENT(.data.$RAM4))
 *(SORT_BY_ALIGNMENT(.data.$BOARD_SDRAM))
 *(SORT_BY_ALIGNMENT(.data.$RAM4.*))
 *(SORT_BY_ALIGNMENT(.data.$BOARD_SDRAM.*))
                0x80000000                        . = ALIGN (0x4)
                [!provide]                        PROVIDE (__end_data_RAM4 = .)
                [!provide]                        PROVIDE (__end_data_BOARD_SDRAM = .)

.data_RAM5      0x81e00000        0x0 load address 0x200034b4
 FILL mask 0xff
                [!provide]                        PROVIDE (__start_data_RAM5 = .)
                [!provide]                        PROVIDE (__start_data_NCACHE_REGION = .)
 *(SORT_BY_ALIGNMENT(.ramfunc.$RAM5))
 *(SORT_BY_ALIGNMENT(.ramfunc.$NCACHE_REGION))
 *(SORT_BY_ALIGNMENT(.data.$RAM5))
 *(SORT_BY_ALIGNMENT(.data.$NCACHE_REGION))
 *(SORT_BY_ALIGNMENT(.data.$RAM5.*))
 *(SORT_BY_ALIGNMENT(.data.$NCACHE_REGION.*))
                0x81e00000                        . = ALIGN (0x4)
                [!provide]                        PROVIDE (__end_data_RAM5 = .)
                [!provide]                        PROVIDE (__end_data_NCACHE_REGION = .)

.uninit_RESERVED
                0x200034b4        0x0
                0x200034b4                        _start_uninit_RESERVED = .
 *(SORT_BY_ALIGNMENT(.bss.$RESERVED*))
                0x200034b4                        . = ALIGN (0x4)
                0x200034b4                        _end_uninit_RESERVED = .

.data           0x200034b4        0x4
 FILL mask 0xff
                0x200034b4                        _data = .
                [!provide]                        PROVIDE (__start_data_RAM = .)
                [!provide]                        PROVIDE (__start_data_SRAM_DTC = .)
 *(SORT_BY_ALIGNMENT(vtable))
 *(SORT_BY_ALIGNMENT(.ramfunc*))
 *(SORT_BY_ALIGNMENT(CodeQuickAccess))
 *(SORT_BY_ALIGNMENT(DataQuickAccess))
 *(SORT_BY_ALIGNMENT(RamFunction))
 *(SORT_BY_ALIGNMENT(DataQuickAccess))
 *(SORT_BY_ALIGNMENT(NonCacheable.init))
 *(SORT_BY_ALIGNMENT(.data*))
 .data.SystemCoreClock
                0x200034b4        0x4 ./device/system_MIMXRT1062.o
                0x200034b4                SystemCoreClock
                0x200034b8                        . = ALIGN (0x4)
                0x200034b8                        _edata = .
                [!provide]                        PROVIDE (__end_data_RAM = .)
                [!provide]                        PROVIDE (__end_data_SRAM_DTC = .)

.igot.plt       0x200034b8        0x0
 .igot.plt      0x200034b8        0x0 ./utilities/debug_console_lite/fsl_debug_console.o

.bss_RAM2       0x00000000        0x0
                [!provide]                        PROVIDE (__start_bss_RAM2 = .)
                [!provide]                        PROVIDE (__start_bss_SRAM_ITC = .)
 *(SORT_BY_ALIGNMENT(.bss.$RAM2))
 *(SORT_BY_ALIGNMENT(.bss.$SRAM_ITC))
 *(SORT_BY_ALIGNMENT(.bss.$RAM2.*))
 *(SORT_BY_ALIGNMENT(.bss.$SRAM_ITC.*))
                0x00000000                        . = ALIGN ((. != 0x0)?0x4:0x1)
                [!provide]                        PROVIDE (__end_bss_RAM2 = .)
                [!provide]                        PROVIDE (__end_bss_SRAM_ITC = .)

.bss_RAM3       0x20200000        0x0
                [!provide]                        PROVIDE (__start_bss_RAM3 = .)
                [!provide]                        PROVIDE (__start_bss_SRAM_OC = .)
 *(SORT_BY_ALIGNMENT(.bss.$RAM3))
 *(SORT_BY_ALIGNMENT(.bss.$SRAM_OC))
 *(SORT_BY_ALIGNMENT(.bss.$RAM3.*))
 *(SORT_BY_ALIGNMENT(.bss.$SRAM_OC.*))
                0x20200000                        . = ALIGN ((. != 0x0)?0x4:0x1)
                [!provide]                        PROVIDE (__end_bss_RAM3 = .)
                [!provide]                        PROVIDE (__end_bss_SRAM_OC = .)

.bss_RAM4       0x80000000        0x0
                [!provide]                        PROVIDE (__start_bss_RAM4 = .)
                [!provide]                        PROVIDE (__start_bss_BOARD_SDRAM = .)
 *(SORT_BY_ALIGNMENT(.bss.$RAM4))
 *(SORT_BY_ALIGNMENT(.bss.$BOARD_SDRAM))
 *(SORT_BY_ALIGNMENT(.bss.$RAM4.*))
 *(SORT_BY_ALIGNMENT(.bss.$BOARD_SDRAM.*))
                0x80000000                        . = ALIGN ((. != 0x0)?0x4:0x1)
                [!provide]                        PROVIDE (__end_bss_RAM4 = .)
                [!provide]                        PROVIDE (__end_bss_BOARD_SDRAM = .)

.bss_RAM5       0x81e00000        0x0
                [!provide]                        PROVIDE (__start_bss_RAM5 = .)
                [!provide]                        PROVIDE (__start_bss_NCACHE_REGION = .)
 *(SORT_BY_ALIGNMENT(.bss.$RAM5))
 *(SORT_BY_ALIGNMENT(.bss.$NCACHE_REGION))
 *(SORT_BY_ALIGNMENT(.bss.$RAM5.*))
 *(SORT_BY_ALIGNMENT(.bss.$NCACHE_REGION.*))
                0x81e00000                        . = ALIGN ((. != 0x0)?0x4:0x1)
                [!provide]                        PROVIDE (__end_bss_RAM5 = .)
                [!provide]                        PROVIDE (__end_bss_NCACHE_REGION = .)

.bss            0x200034b8      0x124
                0x200034b8                        _bss = .
                [!provide]                        PROVIDE (__start_bss_RAM = .)
                [!provide]                        PROVIDE (__start_bss_SRAM_DTC = .)
 *(SORT_BY_ALIGNMENT(NonCacheable))
 *(SORT_BY_ALIGNMENT(.bss*))
 .bss.s_debugConsole
                0x200034b8       0x14 ./utilities/debug_console_lite/fsl_debug_console.o
 .bss.g_systickCounter
                0x200034cc        0x4 ./source/led_blinky.o
                0x200034cc                g_systickCounter
 .bss.g_xtalFreq
                0x200034d0        0x4 ./drivers/fsl_clock.o
                0x200034d0                g_xtalFreq
 .bss.g_rtcXtalFreq
                0x200034d4        0x4 ./drivers/fsl_clock.o
                0x200034d4                g_rtcXtalFreq
 .bss.s_lpuartHandle
                0x200034d8       0x24 ./drivers/fsl_lpuart.o
                0x200034d8                s_lpuartHandle
 .bss.s_lpuartIsr
                0x200034fc       0x24 ./drivers/fsl_lpuart.o
                0x200034fc                s_lpuartIsr
 .bss.errno     0x20003520        0x4 /usr/local/mcuxpressoide-25.6.136/ide/plugins/com.nxp.mcuxpresso.tools.linux_25.6.0.202501151204/tools/bin/../lib/gcc/arm-none-eabi/14.2.1/../../../../arm-none-eabi/lib/thumb/v7e-m+dp/hard/libcr_c.a(errno.o)
                0x20003520                errno
 .bss.__Ciob    0x20003524       0xb4 /usr/local/mcuxpressoide-25.6.136/ide/plugins/com.nxp.mcuxpresso.tools.linux_25.6.0.202501151204/tools/bin/../lib/gcc/arm-none-eabi/14.2.1/../../../../arm-none-eabi/lib/thumb/v7e-m+dp/hard/libcr_nohost_nf.a(__ciob.o)
                0x20003524                __Ciob
 .bss.g_pinSet  0x200035d8        0x1 ./source/led_blinky.o
                0x200035d8                g_pinSet
 *(SORT_BY_ALIGNMENT(COMMON))
                0x200035dc                        . = ALIGN (0x4)
 *fill*         0x200035d9        0x3 
                0x200035dc                        _ebss = .
                [!provide]                        PROVIDE (__end_bss_RAM = .)
                [!provide]                        PROVIDE (__end_bss_SRAM_DTC = .)
                [!provide]                        PROVIDE (end = .)

.noinit_RAM2    0x00000000        0x0
                [!provide]                        PROVIDE (__start_noinit_RAM2 = .)
                [!provide]                        PROVIDE (__start_noinit_SRAM_ITC = .)
 *(SORT_BY_ALIGNMENT(.noinit.$RAM2))
 *(SORT_BY_ALIGNMENT(.noinit.$SRAM_ITC))
 *(SORT_BY_ALIGNMENT(.noinit.$RAM2.*))
 *(SORT_BY_ALIGNMENT(.noinit.$SRAM_ITC.*))
                0x00000000                        . = ALIGN (0x4)
                [!provide]                        PROVIDE (__end_noinit_RAM2 = .)
                [!provide]                        PROVIDE (__end_noinit_SRAM_ITC = .)

.noinit_RAM3    0x20200000        0x0
                [!provide]                        PROVIDE (__start_noinit_RAM3 = .)
                [!provide]                        PROVIDE (__start_noinit_SRAM_OC = .)
 *(SORT_BY_ALIGNMENT(.noinit.$RAM3))
 *(SORT_BY_ALIGNMENT(.noinit.$SRAM_OC))
 *(SORT_BY_ALIGNMENT(.noinit.$RAM3.*))
 *(SORT_BY_ALIGNMENT(.noinit.$SRAM_OC.*))
                0x20200000                        . = ALIGN (0x4)
                [!provide]                        PROVIDE (__end_noinit_RAM3 = .)
                [!provide]                        PROVIDE (__end_noinit_SRAM_OC = .)

.noinit_RAM4    0x80000000        0x0
                [!provide]                        PROVIDE (__start_noinit_RAM4 = .)
                [!provide]                        PROVIDE (__start_noinit_BOARD_SDRAM = .)
 *(SORT_BY_ALIGNMENT(.noinit.$RAM4))
 *(SORT_BY_ALIGNMENT(.noinit.$BOARD_SDRAM))
 *(SORT_BY_ALIGNMENT(.noinit.$RAM4.*))
 *(SORT_BY_ALIGNMENT(.noinit.$BOARD_SDRAM.*))
                0x80000000                        . = ALIGN (0x4)
                [!provide]                        PROVIDE (__end_noinit_RAM4 = .)
                [!provide]                        PROVIDE (__end_noinit_BOARD_SDRAM = .)

.noinit_RAM5    0x81e00000        0x0
                [!provide]                        PROVIDE (__start_noinit_RAM5 = .)
                [!provide]                        PROVIDE (__start_noinit_NCACHE_REGION = .)
 *(SORT_BY_ALIGNMENT(.noinit.$RAM5))
 *(SORT_BY_ALIGNMENT(.noinit.$NCACHE_REGION))
 *(SORT_BY_ALIGNMENT(.noinit.$RAM5.*))
 *(SORT_BY_ALIGNMENT(.noinit.$NCACHE_REGION.*))
                0x81e00000                        . = ALIGN (0x4)
                [!provide]                        PROVIDE (__end_noinit_RAM5 = .)
                [!provide]                        PROVIDE (__end_noinit_NCACHE_REGION = .)

.noinit         0x200035dc        0x0
                0x200035dc                        _noinit = .
                [!provide]                        PROVIDE (__start_noinit_RAM = .)
                [!provide]                        PROVIDE (__start_noinit_SRAM_DTC = .)
 *(SORT_BY_ALIGNMENT(.noinit*))
                0x200035dc                        . = ALIGN (0x4)
                0x200035dc                        _end_noinit = .
                [!provide]                        PROVIDE (__end_noinit_RAM = .)
                [!provide]                        PROVIDE (__end_noinit_SRAM_DTC = .)
                0x00001000                        _HeapSize = 0x1000

.heap           0x200035dc     0x1000
                0x200035dc                        _pvHeapStart = .
                0x200045dc                        . = (. + _HeapSize)
 *fill*         0x200035dc     0x1000 
                0x200045dc                        . = ALIGN (0x4)
                0x200045dc                        _pvHeapLimit = .
                0x00001000                        _StackSize = 0x1000

.heap2stackfill
                0x200045dc     0x1000
                0x200055dc                        . = (. + _StackSize)
 *fill*         0x200045dc     0x1000 

.stack          0x2001f000        0x0
                0x2001f000                        _vStackBase = .
                0x2001f000                        . = ALIGN (0x4)
                0x20020000                        _vStackTop = (. + _StackSize)
                0x20000000                        _image_start = LOADADDR (.text)
                0x200034b8                        _image_end = (LOADADDR (.data) + SIZEOF (.data))
                0x000034b8                        _image_size = (_image_end - _image_start)
OUTPUT(evkbmimxrt1060_iled_blinky_iled_blinky.axf elf32-littlearm)
LOAD linker stubs

.debug_info     0x00000000     0xfd54
 .debug_info    0x00000000      0xcf4 ./utilities/debug_console_lite/fsl_debug_console.o
 .debug_info    0x00000cf4      0x12e ./utilities/fsl_assert.o
 .debug_info    0x00000e22       0x24 ./utilities/fsl_memcpy.o
 .debug_info    0x00000e46     0x14d4 ./startup/startup_mimxrt1062.o
 .debug_info    0x0000231a      0xeb6 ./source/led_blinky.o
 .debug_info    0x000031d0       0x3c ./source/semihost_hardfault.o
 .debug_info    0x0000320c     0x24af ./drivers/fsl_clock.o
 .debug_info    0x000056bb      0xe28 ./drivers/fsl_gpio.o
 .debug_info    0x000064e3     0x2aec ./drivers/fsl_lpuart.o
 .debug_info    0x00008fcf      0xbe0 ./device/system_MIMXRT1062.o
 .debug_info    0x00009baf     0x1017 ./board/board.o
 .debug_info    0x0000abc6     0x1ae9 ./board/clock_config.o
 .debug_info    0x0000c6af       0xa9 ./board/hardware_init.o
 .debug_info    0x0000c758      0xc7d ./board/pin_mux.o
 .debug_info    0x0000d3d5       0x85 /usr/local/mcuxpressoide-25.6.136/ide/plugins/com.nxp.mcuxpresso.tools.linux_25.6.0.202501151204/tools/bin/../lib/gcc/arm-none-eabi/14.2.1/../../../../arm-none-eabi/lib/thumb/v7e-m+dp/hard/libcr_nohost_nf.a(_cr__main.o)
 .debug_info    0x0000d45a       0xfc /usr/local/mcuxpressoide-25.6.136/ide/plugins/com.nxp.mcuxpresso.tools.linux_25.6.0.202501151204/tools/bin/../lib/gcc/arm-none-eabi/14.2.1/../../../../arm-none-eabi/lib/thumb/v7e-m+dp/hard/libcr_c.a(memset.o)
 .debug_info    0x0000d556      0x520 /usr/local/mcuxpressoide-25.6.136/ide/plugins/com.nxp.mcuxpresso.tools.linux_25.6.0.202501151204/tools/bin/../lib/gcc/arm-none-eabi/14.2.1/../../../../arm-none-eabi/lib/thumb/v7e-m+dp/hard/libcr_c.a(alloc.o)
 .debug_info    0x0000da76       0x44 /usr/local/mcuxpressoide-25.6.136/ide/plugins/com.nxp.mcuxpresso.tools.linux_25.6.0.202501151204/tools/bin/../lib/gcc/arm-none-eabi/14.2.1/../../../../arm-none-eabi/lib/thumb/v7e-m+dp/hard/libcr_c.a(errno.o)
 .debug_info    0x0000daba      0x339 /usr/local/mcuxpressoide-25.6.136/ide/plugins/com.nxp.mcuxpresso.tools.linux_25.6.0.202501151204/tools/bin/../lib/gcc/arm-none-eabi/14.2.1/../../../../arm-none-eabi/lib/thumb/v7e-m+dp/hard/libcr_c.a(initio.o)
 .debug_info    0x0000ddf3      0x1fd /usr/local/mcuxpressoide-25.6.136/ide/plugins/com.nxp.mcuxpresso.tools.linux_25.6.0.202501151204/tools/bin/../lib/gcc/arm-none-eabi/14.2.1/../../../../arm-none-eabi/lib/thumb/v7e-m+dp/hard/libcr_c.a(setvbuf.o)
 .debug_info    0x0000dff0       0xe1 /usr/local/mcuxpressoide-25.6.136/ide/plugins/com.nxp.mcuxpresso.tools.linux_25.6.0.202501151204/tools/bin/../lib/gcc/arm-none-eabi/14.2.1/../../../../arm-none-eabi/lib/thumb/v7e-m+dp/hard/libcr_c.a(strlen.o)
 .debug_info    0x0000e0d1      0x396 /usr/local/mcuxpressoide-25.6.136/ide/plugins/com.nxp.mcuxpresso.tools.linux_25.6.0.202501151204/tools/bin/../lib/gcc/arm-none-eabi/14.2.1/../../../../arm-none-eabi/lib/thumb/v7e-m+dp/hard/libcr_c.a(_deferredlazyseek.o)
 .debug_info    0x0000e467      0x24b /usr/local/mcuxpressoide-25.6.136/ide/plugins/com.nxp.mcuxpresso.tools.linux_25.6.0.202501151204/tools/bin/../lib/gcc/arm-none-eabi/14.2.1/../../../../arm-none-eabi/lib/thumb/v7e-m+dp/hard/libcr_c.a(_fdopen.o)
 .debug_info    0x0000e6b2      0x1e3 /usr/local/mcuxpressoide-25.6.136/ide/plugins/com.nxp.mcuxpresso.tools.linux_25.6.0.202501151204/tools/bin/../lib/gcc/arm-none-eabi/14.2.1/../../../../arm-none-eabi/lib/thumb/v7e-m+dp/hard/libcr_c.a(_fflush.o)
 .debug_info    0x0000e895      0x289 /usr/local/mcuxpressoide-25.6.136/ide/plugins/com.nxp.mcuxpresso.tools.linux_25.6.0.202501151204/tools/bin/../lib/gcc/arm-none-eabi/14.2.1/../../../../arm-none-eabi/lib/thumb/v7e-m+dp/hard/libcr_c.a(_writebuf.o)
 .debug_info    0x0000eb1e      0x31e /usr/local/mcuxpressoide-25.6.136/ide/plugins/com.nxp.mcuxpresso.tools.linux_25.6.0.202501151204/tools/bin/../lib/gcc/arm-none-eabi/14.2.1/../../../../arm-none-eabi/lib/thumb/v7e-m+dp/hard/libcr_c.a(fclose.o)
 .debug_info    0x0000ee3c      0x209 /usr/local/mcuxpressoide-25.6.136/ide/plugins/com.nxp.mcuxpresso.tools.linux_25.6.0.202501151204/tools/bin/../lib/gcc/arm-none-eabi/14.2.1/../../../../arm-none-eabi/lib/thumb/v7e-m+dp/hard/libcr_c.a(fflush.o)
 .debug_info    0x0000f045      0x276 /usr/local/mcuxpressoide-25.6.136/ide/plugins/com.nxp.mcuxpresso.tools.linux_25.6.0.202501151204/tools/bin/../lib/gcc/arm-none-eabi/14.2.1/../../../../arm-none-eabi/lib/thumb/v7e-m+dp/hard/libcr_c.a(fseek.o)
 .debug_info    0x0000f2bb      0x197 /usr/local/mcuxpressoide-25.6.136/ide/plugins/com.nxp.mcuxpresso.tools.linux_25.6.0.202501151204/tools/bin/../lib/gcc/arm-none-eabi/14.2.1/../../../../arm-none-eabi/lib/thumb/v7e-m+dp/hard/libcr_c.a(ftell.o)
 .debug_info    0x0000f452      0x1d7 /usr/local/mcuxpressoide-25.6.136/ide/plugins/com.nxp.mcuxpresso.tools.linux_25.6.0.202501151204/tools/bin/../lib/gcc/arm-none-eabi/14.2.1/../../../../arm-none-eabi/lib/thumb/v7e-m+dp/hard/libcr_c.a(remove.o)
 .debug_info    0x0000f629      0x23a /usr/local/mcuxpressoide-25.6.136/ide/plugins/com.nxp.mcuxpresso.tools.linux_25.6.0.202501151204/tools/bin/../lib/gcc/arm-none-eabi/14.2.1/../../../../arm-none-eabi/lib/thumb/v7e-m+dp/hard/libcr_c.a(_do_fflush.o)
 .debug_info    0x0000f863      0x18b /usr/local/mcuxpressoide-25.6.136/ide/plugins/com.nxp.mcuxpresso.tools.linux_25.6.0.202501151204/tools/bin/../lib/gcc/arm-none-eabi/14.2.1/../../../../arm-none-eabi/lib/thumb/v7e-m+dp/hard/libcr_nohost_nf.a(__ciob.o)
 .debug_info    0x0000f9ee       0x6a /usr/local/mcuxpressoide-25.6.136/ide/plugins/com.nxp.mcuxpresso.tools.linux_25.6.0.202501151204/tools/bin/../lib/gcc/arm-none-eabi/14.2.1/../../../../arm-none-eabi/lib/thumb/v7e-m+dp/hard/libcr_nohost_nf.a(__sys_close.o)
 .debug_info    0x0000fa58       0x6a /usr/local/mcuxpressoide-25.6.136/ide/plugins/com.nxp.mcuxpresso.tools.linux_25.6.0.202501151204/tools/bin/../lib/gcc/arm-none-eabi/14.2.1/../../../../arm-none-eabi/lib/thumb/v7e-m+dp/hard/libcr_nohost_nf.a(__sys_flen.o)
 .debug_info    0x0000fac2       0x6a /usr/local/mcuxpressoide-25.6.136/ide/plugins/com.nxp.mcuxpresso.tools.linux_25.6.0.202501151204/tools/bin/../lib/gcc/arm-none-eabi/14.2.1/../../../../arm-none-eabi/lib/thumb/v7e-m+dp/hard/libcr_nohost_nf.a(__sys_istty.o)
 .debug_info    0x0000fb2c       0x8a /usr/local/mcuxpressoide-25.6.136/ide/plugins/com.nxp.mcuxpresso.tools.linux_25.6.0.202501151204/tools/bin/../lib/gcc/arm-none-eabi/14.2.1/../../../../arm-none-eabi/lib/thumb/v7e-m+dp/hard/libcr_nohost_nf.a(__sys_remove.o)
 .debug_info    0x0000fbb6       0x78 /usr/local/mcuxpressoide-25.6.136/ide/plugins/com.nxp.mcuxpresso.tools.linux_25.6.0.202501151204/tools/bin/../lib/gcc/arm-none-eabi/14.2.1/../../../../arm-none-eabi/lib/thumb/v7e-m+dp/hard/libcr_nohost_nf.a(__sys_seek.o)
 .debug_info    0x0000fc2e       0x93 /usr/local/mcuxpressoide-25.6.136/ide/plugins/com.nxp.mcuxpresso.tools.linux_25.6.0.202501151204/tools/bin/../lib/gcc/arm-none-eabi/14.2.1/../../../../arm-none-eabi/lib/thumb/v7e-m+dp/hard/libcr_nohost_nf.a(__sys_tmpnam.o)
 .debug_info    0x0000fcc1       0x93 /usr/local/mcuxpressoide-25.6.136/ide/plugins/com.nxp.mcuxpresso.tools.linux_25.6.0.202501151204/tools/bin/../lib/gcc/arm-none-eabi/14.2.1/../../../../arm-none-eabi/lib/thumb/v7e-m+dp/hard/libcr_nohost_nf.a(__sys_write.o)

.debug_abbrev   0x00000000     0x3274
 .debug_abbrev  0x00000000      0x256 ./utilities/debug_console_lite/fsl_debug_console.o
 .debug_abbrev  0x00000256       0xbd ./utilities/fsl_assert.o
 .debug_abbrev  0x00000313       0x14 ./utilities/fsl_memcpy.o
 .debug_abbrev  0x00000327      0x147 ./startup/startup_mimxrt1062.o
 .debug_abbrev  0x0000046e      0x234 ./source/led_blinky.o
 .debug_abbrev  0x000006a2       0x31 ./source/semihost_hardfault.o
 .debug_abbrev  0x000006d3      0x37f ./drivers/fsl_clock.o
 .debug_abbrev  0x00000a52      0x2af ./drivers/fsl_gpio.o
 .debug_abbrev  0x00000d01      0x49c ./drivers/fsl_lpuart.o
 .debug_abbrev  0x0000119d      0x1ae ./device/system_MIMXRT1062.o
 .debug_abbrev  0x0000134b      0x353 ./board/board.o
 .debug_abbrev  0x0000169e      0x349 ./board/clock_config.o
 .debug_abbrev  0x000019e7       0x5a ./board/hardware_init.o
 .debug_abbrev  0x00001a41      0x284 ./board/pin_mux.o
 .debug_abbrev  0x00001cc5       0x70 /usr/local/mcuxpressoide-25.6.136/ide/plugins/com.nxp.mcuxpresso.tools.linux_25.6.0.202501151204/tools/bin/../lib/gcc/arm-none-eabi/14.2.1/../../../../arm-none-eabi/lib/thumb/v7e-m+dp/hard/libcr_nohost_nf.a(_cr__main.o)
 .debug_abbrev  0x00001d35       0xa8 /usr/local/mcuxpressoide-25.6.136/ide/plugins/com.nxp.mcuxpresso.tools.linux_25.6.0.202501151204/tools/bin/../lib/gcc/arm-none-eabi/14.2.1/../../../../arm-none-eabi/lib/thumb/v7e-m+dp/hard/libcr_c.a(memset.o)
 .debug_abbrev  0x00001ddd      0x284 /usr/local/mcuxpressoide-25.6.136/ide/plugins/com.nxp.mcuxpresso.tools.linux_25.6.0.202501151204/tools/bin/../lib/gcc/arm-none-eabi/14.2.1/../../../../arm-none-eabi/lib/thumb/v7e-m+dp/hard/libcr_c.a(alloc.o)
 .debug_abbrev  0x00002061       0x44 /usr/local/mcuxpressoide-25.6.136/ide/plugins/com.nxp.mcuxpresso.tools.linux_25.6.0.202501151204/tools/bin/../lib/gcc/arm-none-eabi/14.2.1/../../../../arm-none-eabi/lib/thumb/v7e-m+dp/hard/libcr_c.a(errno.o)
 .debug_abbrev  0x000020a5      0x169 /usr/local/mcuxpressoide-25.6.136/ide/plugins/com.nxp.mcuxpresso.tools.linux_25.6.0.202501151204/tools/bin/../lib/gcc/arm-none-eabi/14.2.1/../../../../arm-none-eabi/lib/thumb/v7e-m+dp/hard/libcr_c.a(initio.o)
 .debug_abbrev  0x0000220e       0xe1 /usr/local/mcuxpressoide-25.6.136/ide/plugins/com.nxp.mcuxpresso.tools.linux_25.6.0.202501151204/tools/bin/../lib/gcc/arm-none-eabi/14.2.1/../../../../arm-none-eabi/lib/thumb/v7e-m+dp/hard/libcr_c.a(setvbuf.o)
 .debug_abbrev  0x000022ef       0xa7 /usr/local/mcuxpressoide-25.6.136/ide/plugins/com.nxp.mcuxpresso.tools.linux_25.6.0.202501151204/tools/bin/../lib/gcc/arm-none-eabi/14.2.1/../../../../arm-none-eabi/lib/thumb/v7e-m+dp/hard/libcr_c.a(strlen.o)
 .debug_abbrev  0x00002396      0x18e /usr/local/mcuxpressoide-25.6.136/ide/plugins/com.nxp.mcuxpresso.tools.linux_25.6.0.202501151204/tools/bin/../lib/gcc/arm-none-eabi/14.2.1/../../../../arm-none-eabi/lib/thumb/v7e-m+dp/hard/libcr_c.a(_deferredlazyseek.o)
 .debug_abbrev  0x00002524      0x119 /usr/local/mcuxpressoide-25.6.136/ide/plugins/com.nxp.mcuxpresso.tools.linux_25.6.0.202501151204/tools/bin/../lib/gcc/arm-none-eabi/14.2.1/../../../../arm-none-eabi/lib/thumb/v7e-m+dp/hard/libcr_c.a(_fdopen.o)
 .debug_abbrev  0x0000263d       0xf1 /usr/local/mcuxpressoide-25.6.136/ide/plugins/com.nxp.mcuxpresso.tools.linux_25.6.0.202501151204/tools/bin/../lib/gcc/arm-none-eabi/14.2.1/../../../../arm-none-eabi/lib/thumb/v7e-m+dp/hard/libcr_c.a(_fflush.o)
 .debug_abbrev  0x0000272e      0x126 /usr/local/mcuxpressoide-25.6.136/ide/plugins/com.nxp.mcuxpresso.tools.linux_25.6.0.202501151204/tools/bin/../lib/gcc/arm-none-eabi/14.2.1/../../../../arm-none-eabi/lib/thumb/v7e-m+dp/hard/libcr_c.a(_writebuf.o)
 .debug_abbrev  0x00002854      0x158 /usr/local/mcuxpressoide-25.6.136/ide/plugins/com.nxp.mcuxpresso.tools.linux_25.6.0.202501151204/tools/bin/../lib/gcc/arm-none-eabi/14.2.1/../../../../arm-none-eabi/lib/thumb/v7e-m+dp/hard/libcr_c.a(fclose.o)
 .debug_abbrev  0x000029ac      0x125 /usr/local/mcuxpressoide-25.6.136/ide/plugins/com.nxp.mcuxpresso.tools.linux_25.6.0.202501151204/tools/bin/../lib/gcc/arm-none-eabi/14.2.1/../../../../arm-none-eabi/lib/thumb/v7e-m+dp/hard/libcr_c.a(fflush.o)
 .debug_abbrev  0x00002ad1      0x11b /usr/local/mcuxpressoide-25.6.136/ide/plugins/com.nxp.mcuxpresso.tools.linux_25.6.0.202501151204/tools/bin/../lib/gcc/arm-none-eabi/14.2.1/../../../../arm-none-eabi/lib/thumb/v7e-m+dp/hard/libcr_c.a(fseek.o)
 .debug_abbrev  0x00002bec       0xc2 /usr/local/mcuxpressoide-25.6.136/ide/plugins/com.nxp.mcuxpresso.tools.linux_25.6.0.202501151204/tools/bin/../lib/gcc/arm-none-eabi/14.2.1/../../../../arm-none-eabi/lib/thumb/v7e-m+dp/hard/libcr_c.a(ftell.o)
 .debug_abbrev  0x00002cae       0xfb /usr/local/mcuxpressoide-25.6.136/ide/plugins/com.nxp.mcuxpresso.tools.linux_25.6.0.202501151204/tools/bin/../lib/gcc/arm-none-eabi/14.2.1/../../../../arm-none-eabi/lib/thumb/v7e-m+dp/hard/libcr_c.a(remove.o)
 .debug_abbrev  0x00002da9      0x12c /usr/local/mcuxpressoide-25.6.136/ide/plugins/com.nxp.mcuxpresso.tools.linux_25.6.0.202501151204/tools/bin/../lib/gcc/arm-none-eabi/14.2.1/../../../../arm-none-eabi/lib/thumb/v7e-m+dp/hard/libcr_c.a(_do_fflush.o)
 .debug_abbrev  0x00002ed5       0xb5 /usr/local/mcuxpressoide-25.6.136/ide/plugins/com.nxp.mcuxpresso.tools.linux_25.6.0.202501151204/tools/bin/../lib/gcc/arm-none-eabi/14.2.1/../../../../arm-none-eabi/lib/thumb/v7e-m+dp/hard/libcr_nohost_nf.a(__ciob.o)
 .debug_abbrev  0x00002f8a       0x5c /usr/local/mcuxpressoide-25.6.136/ide/plugins/com.nxp.mcuxpresso.tools.linux_25.6.0.202501151204/tools/bin/../lib/gcc/arm-none-eabi/14.2.1/../../../../arm-none-eabi/lib/thumb/v7e-m+dp/hard/libcr_nohost_nf.a(__sys_close.o)
 .debug_abbrev  0x00002fe6       0x5c /usr/local/mcuxpressoide-25.6.136/ide/plugins/com.nxp.mcuxpresso.tools.linux_25.6.0.202501151204/tools/bin/../lib/gcc/arm-none-eabi/14.2.1/../../../../arm-none-eabi/lib/thumb/v7e-m+dp/hard/libcr_nohost_nf.a(__sys_flen.o)
 .debug_abbrev  0x00003042       0x5c /usr/local/mcuxpressoide-25.6.136/ide/plugins/com.nxp.mcuxpresso.tools.linux_25.6.0.202501151204/tools/bin/../lib/gcc/arm-none-eabi/14.2.1/../../../../arm-none-eabi/lib/thumb/v7e-m+dp/hard/libcr_nohost_nf.a(__sys_istty.o)
 .debug_abbrev  0x0000309e       0x7d /usr/local/mcuxpressoide-25.6.136/ide/plugins/com.nxp.mcuxpresso.tools.linux_25.6.0.202501151204/tools/bin/../lib/gcc/arm-none-eabi/14.2.1/../../../../arm-none-eabi/lib/thumb/v7e-m+dp/hard/libcr_nohost_nf.a(__sys_remove.o)
 .debug_abbrev  0x0000311b       0x6d /usr/local/mcuxpressoide-25.6.136/ide/plugins/com.nxp.mcuxpresso.tools.linux_25.6.0.202501151204/tools/bin/../lib/gcc/arm-none-eabi/14.2.1/../../../../arm-none-eabi/lib/thumb/v7e-m+dp/hard/libcr_nohost_nf.a(__sys_seek.o)
 .debug_abbrev  0x00003188       0x76 /usr/local/mcuxpressoide-25.6.136/ide/plugins/com.nxp.mcuxpresso.tools.linux_25.6.0.202501151204/tools/bin/../lib/gcc/arm-none-eabi/14.2.1/../../../../arm-none-eabi/lib/thumb/v7e-m+dp/hard/libcr_nohost_nf.a(__sys_tmpnam.o)
 .debug_abbrev  0x000031fe       0x76 /usr/local/mcuxpressoide-25.6.136/ide/plugins/com.nxp.mcuxpresso.tools.linux_25.6.0.202501151204/tools/bin/../lib/gcc/arm-none-eabi/14.2.1/../../../../arm-none-eabi/lib/thumb/v7e-m+dp/hard/libcr_nohost_nf.a(__sys_write.o)

.debug_aranges  0x00000000      0xf20
 .debug_aranges
                0x00000000       0x78 ./utilities/debug_console_lite/fsl_debug_console.o
 .debug_aranges
                0x00000078       0x28 ./utilities/fsl_assert.o
 .debug_aranges
                0x000000a0       0x20 ./utilities/fsl_memcpy.o
 .debug_aranges
                0x000000c0      0x570 ./startup/startup_mimxrt1062.o
 .debug_aranges
                0x00000630       0x40 ./source/led_blinky.o
 .debug_aranges
                0x00000670       0x20 ./source/semihost_hardfault.o
 .debug_aranges
                0x00000690      0x1b0 ./drivers/fsl_clock.o
 .debug_aranges
                0x00000840       0x58 ./drivers/fsl_gpio.o
 .debug_aranges
                0x00000898      0x1c8 ./drivers/fsl_lpuart.o
 .debug_aranges
                0x00000a60       0x30 ./device/system_MIMXRT1062.o
 .debug_aranges
                0x00000a90       0x58 ./board/board.o
 .debug_aranges
                0x00000ae8       0x80 ./board/clock_config.o
 .debug_aranges
                0x00000b68       0x20 ./board/hardware_init.o
 .debug_aranges
                0x00000b88       0x50 ./board/pin_mux.o
 .debug_aranges
                0x00000bd8       0x20 /usr/local/mcuxpressoide-25.6.136/ide/plugins/com.nxp.mcuxpresso.tools.linux_25.6.0.202501151204/tools/bin/../lib/gcc/arm-none-eabi/14.2.1/../../../../arm-none-eabi/lib/thumb/v7e-m+dp/hard/libcr_nohost_nf.a(_cr__main.o)
 .debug_aranges
                0x00000bf8       0x20 /usr/local/mcuxpressoide-25.6.136/ide/plugins/com.nxp.mcuxpresso.tools.linux_25.6.0.202501151204/tools/bin/../lib/gcc/arm-none-eabi/14.2.1/../../../../arm-none-eabi/lib/thumb/v7e-m+dp/hard/libcr_c.a(memset.o)
 .debug_aranges
                0x00000c18       0x40 /usr/local/mcuxpressoide-25.6.136/ide/plugins/com.nxp.mcuxpresso.tools.linux_25.6.0.202501151204/tools/bin/../lib/gcc/arm-none-eabi/14.2.1/../../../../arm-none-eabi/lib/thumb/v7e-m+dp/hard/libcr_c.a(alloc.o)
 .debug_aranges
                0x00000c58       0x18 /usr/local/mcuxpressoide-25.6.136/ide/plugins/com.nxp.mcuxpresso.tools.linux_25.6.0.202501151204/tools/bin/../lib/gcc/arm-none-eabi/14.2.1/../../../../arm-none-eabi/lib/thumb/v7e-m+dp/hard/libcr_c.a(errno.o)
 .debug_aranges
                0x00000c70       0x28 /usr/local/mcuxpressoide-25.6.136/ide/plugins/com.nxp.mcuxpresso.tools.linux_25.6.0.202501151204/tools/bin/../lib/gcc/arm-none-eabi/14.2.1/../../../../arm-none-eabi/lib/thumb/v7e-m+dp/hard/libcr_c.a(initio.o)
 .debug_aranges
                0x00000c98       0x20 /usr/local/mcuxpressoide-25.6.136/ide/plugins/com.nxp.mcuxpresso.tools.linux_25.6.0.202501151204/tools/bin/../lib/gcc/arm-none-eabi/14.2.1/../../../../arm-none-eabi/lib/thumb/v7e-m+dp/hard/libcr_c.a(setvbuf.o)
 .debug_aranges
                0x00000cb8       0x20 /usr/local/mcuxpressoide-25.6.136/ide/plugins/com.nxp.mcuxpresso.tools.linux_25.6.0.202501151204/tools/bin/../lib/gcc/arm-none-eabi/14.2.1/../../../../arm-none-eabi/lib/thumb/v7e-m+dp/hard/libcr_c.a(strlen.o)
 .debug_aranges
                0x00000cd8       0x28 /usr/local/mcuxpressoide-25.6.136/ide/plugins/com.nxp.mcuxpresso.tools.linux_25.6.0.202501151204/tools/bin/../lib/gcc/arm-none-eabi/14.2.1/../../../../arm-none-eabi/lib/thumb/v7e-m+dp/hard/libcr_c.a(_deferredlazyseek.o)
 .debug_aranges
                0x00000d00       0x20 /usr/local/mcuxpressoide-25.6.136/ide/plugins/com.nxp.mcuxpresso.tools.linux_25.6.0.202501151204/tools/bin/../lib/gcc/arm-none-eabi/14.2.1/../../../../arm-none-eabi/lib/thumb/v7e-m+dp/hard/libcr_c.a(_fdopen.o)
 .debug_aranges
                0x00000d20       0x20 /usr/local/mcuxpressoide-25.6.136/ide/plugins/com.nxp.mcuxpresso.tools.linux_25.6.0.202501151204/tools/bin/../lib/gcc/arm-none-eabi/14.2.1/../../../../arm-none-eabi/lib/thumb/v7e-m+dp/hard/libcr_c.a(_fflush.o)
 .debug_aranges
                0x00000d40       0x20 /usr/local/mcuxpressoide-25.6.136/ide/plugins/com.nxp.mcuxpresso.tools.linux_25.6.0.202501151204/tools/bin/../lib/gcc/arm-none-eabi/14.2.1/../../../../arm-none-eabi/lib/thumb/v7e-m+dp/hard/libcr_c.a(_writebuf.o)
 .debug_aranges
                0x00000d60       0x20 /usr/local/mcuxpressoide-25.6.136/ide/plugins/com.nxp.mcuxpresso.tools.linux_25.6.0.202501151204/tools/bin/../lib/gcc/arm-none-eabi/14.2.1/../../../../arm-none-eabi/lib/thumb/v7e-m+dp/hard/libcr_c.a(fclose.o)
 .debug_aranges